Archive member included to satisfy reference by file (symbol)

/Applications/STM32CubeIDE.app/Contents/Eclipse/plugins/com.st.stm32cube.ide.mcu.externaltools.gnu-tools-for-stm32.7-2018-q2-update.macos64_1.0.0.201904181610/tools/bin/../lib/gcc/arm-none-eabi/7.3.1/../../../../arm-none-eabi/lib/thumb/v6-m/libc_nano.a(lib_a-errno.o)
                              Core/Src/syscalls.o (__errno)
/Applications/STM32CubeIDE.app/Contents/Eclipse/plugins/com.st.stm32cube.ide.mcu.externaltools.gnu-tools-for-stm32.7-2018-q2-update.macos64_1.0.0.201904181610/tools/bin/../lib/gcc/arm-none-eabi/7.3.1/../../../../arm-none-eabi/lib/thumb/v6-m/libc_nano.a(lib_a-exit.o)
                              /Applications/STM32CubeIDE.app/Contents/Eclipse/plugins/com.st.stm32cube.ide.mcu.externaltools.gnu-tools-for-stm32.7-2018-q2-update.macos64_1.0.0.201904181610/tools/bin/../lib/gcc/arm-none-eabi/7.3.1/../../../../arm-none-eabi/lib/thumb/v6-m/crt0.o (exit)
/Applications/STM32CubeIDE.app/Contents/Eclipse/plugins/com.st.stm32cube.ide.mcu.externaltools.gnu-tools-for-stm32.7-2018-q2-update.macos64_1.0.0.201904181610/tools/bin/../lib/gcc/arm-none-eabi/7.3.1/../../../../arm-none-eabi/lib/thumb/v6-m/libc_nano.a(lib_a-impure.o)
                              /Applications/STM32CubeIDE.app/Contents/Eclipse/plugins/com.st.stm32cube.ide.mcu.externaltools.gnu-tools-for-stm32.7-2018-q2-update.macos64_1.0.0.201904181610/tools/bin/../lib/gcc/arm-none-eabi/7.3.1/../../../../arm-none-eabi/lib/thumb/v6-m/libc_nano.a(lib_a-exit.o) (_global_impure_ptr)
/Applications/STM32CubeIDE.app/Contents/Eclipse/plugins/com.st.stm32cube.ide.mcu.externaltools.gnu-tools-for-stm32.7-2018-q2-update.macos64_1.0.0.201904181610/tools/bin/../lib/gcc/arm-none-eabi/7.3.1/../../../../arm-none-eabi/lib/thumb/v6-m/libc_nano.a(lib_a-init.o)
                              /Applications/STM32CubeIDE.app/Contents/Eclipse/plugins/com.st.stm32cube.ide.mcu.externaltools.gnu-tools-for-stm32.7-2018-q2-update.macos64_1.0.0.201904181610/tools/bin/../lib/gcc/arm-none-eabi/7.3.1/../../../../arm-none-eabi/lib/thumb/v6-m/crt0.o (__libc_init_array)
/Applications/STM32CubeIDE.app/Contents/Eclipse/plugins/com.st.stm32cube.ide.mcu.externaltools.gnu-tools-for-stm32.7-2018-q2-update.macos64_1.0.0.201904181610/tools/bin/../lib/gcc/arm-none-eabi/7.3.1/../../../../arm-none-eabi/lib/thumb/v6-m/libc_nano.a(lib_a-malloc.o)
                              Core/Src/main.o (malloc)
/Applications/STM32CubeIDE.app/Contents/Eclipse/plugins/com.st.stm32cube.ide.mcu.externaltools.gnu-tools-for-stm32.7-2018-q2-update.macos64_1.0.0.201904181610/tools/bin/../lib/gcc/arm-none-eabi/7.3.1/../../../../arm-none-eabi/lib/thumb/v6-m/libc_nano.a(lib_a-memset.o)
                              /Applications/STM32CubeIDE.app/Contents/Eclipse/plugins/com.st.stm32cube.ide.mcu.externaltools.gnu-tools-for-stm32.7-2018-q2-update.macos64_1.0.0.201904181610/tools/bin/../lib/gcc/arm-none-eabi/7.3.1/../../../../arm-none-eabi/lib/thumb/v6-m/crt0.o (memset)
/Applications/STM32CubeIDE.app/Contents/Eclipse/plugins/com.st.stm32cube.ide.mcu.externaltools.gnu-tools-for-stm32.7-2018-q2-update.macos64_1.0.0.201904181610/tools/bin/../lib/gcc/arm-none-eabi/7.3.1/../../../../arm-none-eabi/lib/thumb/v6-m/libc_nano.a(lib_a-nano-freer.o)
                              /Applications/STM32CubeIDE.app/Contents/Eclipse/plugins/com.st.stm32cube.ide.mcu.externaltools.gnu-tools-for-stm32.7-2018-q2-update.macos64_1.0.0.201904181610/tools/bin/../lib/gcc/arm-none-eabi/7.3.1/../../../../arm-none-eabi/lib/thumb/v6-m/libc_nano.a(lib_a-malloc.o) (_free_r)
/Applications/STM32CubeIDE.app/Contents/Eclipse/plugins/com.st.stm32cube.ide.mcu.externaltools.gnu-tools-for-stm32.7-2018-q2-update.macos64_1.0.0.201904181610/tools/bin/../lib/gcc/arm-none-eabi/7.3.1/../../../../arm-none-eabi/lib/thumb/v6-m/libc_nano.a(lib_a-nano-mallocr.o)
                              /Applications/STM32CubeIDE.app/Contents/Eclipse/plugins/com.st.stm32cube.ide.mcu.externaltools.gnu-tools-for-stm32.7-2018-q2-update.macos64_1.0.0.201904181610/tools/bin/../lib/gcc/arm-none-eabi/7.3.1/../../../../arm-none-eabi/lib/thumb/v6-m/libc_nano.a(lib_a-malloc.o) (_malloc_r)
/Applications/STM32CubeIDE.app/Contents/Eclipse/plugins/com.st.stm32cube.ide.mcu.externaltools.gnu-tools-for-stm32.7-2018-q2-update.macos64_1.0.0.201904181610/tools/bin/../lib/gcc/arm-none-eabi/7.3.1/../../../../arm-none-eabi/lib/thumb/v6-m/libc_nano.a(lib_a-puts.o)
                              Core/Src/main.o (puts)
/Applications/STM32CubeIDE.app/Contents/Eclipse/plugins/com.st.stm32cube.ide.mcu.externaltools.gnu-tools-for-stm32.7-2018-q2-update.macos64_1.0.0.201904181610/tools/bin/../lib/gcc/arm-none-eabi/7.3.1/../../../../arm-none-eabi/lib/thumb/v6-m/libc_nano.a(lib_a-sbrkr.o)
[...]
Memory Configuration

Name             Origin             Length             Attributes
RAM              0x0000000020000000 0x0000000000002000 xrw
FLASH            0x0000000008000000 0x0000000000010000 xr
*default*        0x0000000000000000 0xffffffffffffffff

Linker script and memory map

LOAD /Applications/STM32CubeIDE.app/Contents/Eclipse/plugins/com.st.stm32cube.ide.mcu.externaltools.gnu-tools-for-stm32.7-2018-q2-update.macos64_1.0.0.201904181610/tools/bin/../lib/gcc/arm-none-eabi/7.3.1/thumb/v6-m/crti.o
LOAD /Applications/STM32CubeIDE.app/Contents/Eclipse/plugins/com.st.stm32cube.ide.mcu.externaltools.gnu-tools-for-stm32.7-2018-q2-update.macos64_1.0.0.201904181610/tools/bin/../lib/gcc/arm-none-eabi/7.3.1/thumb/v6-m/crtbegin.o
LOAD /Applications/STM32CubeIDE.app/Contents/Eclipse/plugins/com.st.stm32cube.ide.mcu.externaltools.gnu-tools-for-stm32.7-2018-q2-update.macos64_1.0.0.201904181610/tools/bin/../lib/gcc/arm-none-eabi/7.3.1/../../../../arm-none-eabi/lib/thumb/v6-m/crt0.o
LOAD Core/Src/epd2in7.o
LOAD Core/Src/epdif.o
LOAD Core/Src/epdpaint.o
LOAD Core/Src/font12.o
LOAD Core/Src/font16.o
LOAD Core/Src/font20.o
LOAD Core/Src/font24.o
LOAD Core/Src/font8.o
LOAD Core/Src/imagedata.o
LOAD Core/Src/main.o
LOAD Core/Src/stm32f0xx_hal_msp.o
LOAD Core/Src/stm32f0xx_it.o
LOAD Core/Src/syscalls.o
LOAD Core/Src/sysmem.o
LOAD Core/Src/system_stm32f0xx.o
LOAD Core/Startup/startup_stm32f051r8tx.o
LOAD Drivers/STM32F0xx_HAL_Driver/Src/stm32f0xx_hal.o
LOAD Drivers/STM32F0xx_HAL_Driver/Src/stm32f0xx_hal_cortex.o
LOAD Drivers/STM32F0xx_HAL_Driver/Src/stm32f0xx_hal_dma.o
LOAD Drivers/STM32F0xx_HAL_Driver/Src/stm32f0xx_hal_exti.o
LOAD Drivers/STM32F0xx_HAL_Driver/Src/stm32f0xx_hal_flash.o
LOAD Drivers/STM32F0xx_HAL_Driver/Src/stm32f0xx_hal_flash_ex.o
LOAD Drivers/STM32F0xx_HAL_Driver/Src/stm32f0xx_hal_gpio.o
LOAD Drivers/STM32F0xx_HAL_Driver/Src/stm32f0xx_hal_i2c.o
LOAD Drivers/STM32F0xx_HAL_Driver/Src/stm32f0xx_hal_i2c_ex.o
LOAD Drivers/STM32F0xx_HAL_Driver/Src/stm32f0xx_hal_pwr.o
LOAD Drivers/STM32F0xx_HAL_Driver/Src/stm32f0xx_hal_pwr_ex.o
LOAD Drivers/STM32F0xx_HAL_Driver/Src/stm32f0xx_hal_rcc.o
LOAD Drivers/STM32F0xx_HAL_Driver/Src/stm32f0xx_hal_rcc_ex.o
LOAD Drivers/STM32F0xx_HAL_Driver/Src/stm32f0xx_hal_spi.o
LOAD Drivers/STM32F0xx_HAL_Driver/Src/stm32f0xx_hal_spi_ex.o
LOAD Drivers/STM32F0xx_HAL_Driver/Src/stm32f0xx_hal_tim.o
LOAD Drivers/STM32F0xx_HAL_Driver/Src/stm32f0xx_hal_tim_ex.o
LOAD Drivers/STM32F0xx_HAL_Driver/Src/stm32f0xx_hal_uart.o
LOAD Drivers/STM32F0xx_HAL_Driver/Src/stm32f0xx_hal_uart_ex.o
START GROUP
LOAD /Applications/STM32CubeIDE.app/Contents/Eclipse/plugins/com.st.stm32cube.ide.mcu.externaltools.gnu-tools-for-stm32.7-2018-q2-update.macos64_1.0.0.201904181610/tools/bin/../lib/gcc/arm-none-eabi/7.3.1/../../../../arm-none-eabi/lib/thumb/v6-m/libc_nano.a
LOAD /Applications/STM32CubeIDE.app/Contents/Eclipse/plugins/com.st.stm32cube.ide.mcu.externaltools.gnu-tools-for-stm32.7-2018-q2-update.macos64_1.0.0.201904181610/tools/bin/../lib/gcc/arm-none-eabi/7.3.1/../../../../arm-none-eabi/lib/thumb/v6-m/libm.a
END GROUP
START GROUP
LOAD /Applications/STM32CubeIDE.app/Contents/Eclipse/plugins/com.st.stm32cube.ide.mcu.externaltools.gnu-tools-for-stm32.7-2018-q2-update.macos64_1.0.0.201904181610/tools/bin/../lib/gcc/arm-none-eabi/7.3.1/thumb/v6-m/libgcc.a
LOAD /Applications/STM32CubeIDE.app/Contents/Eclipse/plugins/com.st.stm32cube.ide.mcu.externaltools.gnu-tools-for-stm32.7-2018-q2-update.macos64_1.0.0.201904181610/tools/bin/../lib/gcc/arm-none-eabi/7.3.1/../../../../arm-none-eabi/lib/thumb/v6-m/libc_nano.a
END GROUP
START GROUP
LOAD /Applications/STM32CubeIDE.app/Contents/Eclipse/plugins/com.st.stm32cube.ide.mcu.externaltools.gnu-tools-for-stm32.7-2018-q2-update.macos64_1.0.0.201904181610/tools/bin/../lib/gcc/arm-none-eabi/7.3.1/thumb/v6-m/libgcc.a
LOAD /Applications/STM32CubeIDE.app/Contents/Eclipse/plugins/com.st.stm32cube.ide.mcu.externaltools.gnu-tools-for-stm32.7-2018-q2-update.macos64_1.0.0.201904181610/tools/bin/../lib/gcc/arm-none-eabi/7.3.1/../../../../arm-none-eabi/lib/thumb/v6-m/libc_nano.a
LOAD /Applications/STM32CubeIDE.app/Contents/Eclipse/plugins/com.st.stm32cube.ide.mcu.externaltools.gnu-tools-for-stm32.7-2018-q2-update.macos64_1.0.0.201904181610/tools/bin/../lib/gcc/arm-none-eabi/7.3.1/../../../../arm-none-eabi/lib/thumb/v6-m/libnosys.a
END GROUP
START GROUP
LOAD /Applications/STM32CubeIDE.app/Contents/Eclipse/plugins/com.st.stm32cube.ide.mcu.externaltools.gnu-tools-for-stm32.7-2018-q2-update.macos64_1.0.0.201904181610/tools/bin/../lib/gcc/arm-none-eabi/7.3.1/thumb/v6-m/libgcc.a
LOAD /Applications/STM32CubeIDE.app/Contents/Eclipse/plugins/com.st.stm32cube.ide.mcu.externaltools.gnu-tools-for-stm32.7-2018-q2-update.macos64_1.0.0.201904181610/tools/bin/../lib/gcc/arm-none-eabi/7.3.1/../../../../arm-none-eabi/lib/thumb/v6-m/libc_nano.a
LOAD /Applications/STM32CubeIDE.app/Contents/Eclipse/plugins/com.st.stm32cube.ide.mcu.externaltools.gnu-tools-for-stm32.7-2018-q2-update.macos64_1.0.0.201904181610/tools/bin/../lib/gcc/arm-none-eabi/7.3.1/../../../../arm-none-eabi/lib/thumb/v6-m/libnosys.a
END GROUP
LOAD /Applications/STM32CubeIDE.app/Contents/Eclipse/plugins/com.st.stm32cube.ide.mcu.externaltools.gnu-tools-for-stm32.7-2018-q2-update.macos64_1.0.0.201904181610/tools/bin/../lib/gcc/arm-none-eabi/7.3.1/thumb/v6-m/crtend.o
LOAD /Applications/STM32CubeIDE.app/Contents/Eclipse/plugins/com.st.stm32cube.ide.mcu.externaltools.gnu-tools-for-stm32.7-2018-q2-update.macos64_1.0.0.201904181610/tools/bin/../lib/gcc/arm-none-eabi/7.3.1/thumb/v6-m/crtn.o
                0x0000000020002000                _estack = (ORIGIN (RAM) + LENGTH (RAM))
                0x0000000000000200                _Min_Heap_Size = 0x200
                0x0000000000000400                _Min_Stack_Size = 0x400

.isr_vector     0x0000000008000000       0xc0
                0x0000000008000000                . = ALIGN (0x4)
 *(.isr_vector)
 .isr_vector    0x0000000008000000       0xc0 Core/Startup/startup_stm32f051r8tx.o
                0x0000000008000000                g_pfnVectors
                0x00000000080000c0                . = ALIGN (0x4)

.text           0x00000000080000c0     0x3f74
                0x00000000080000c0                . = ALIGN (0x4)
 *(.text)
 .text          0x00000000080000c0       0x48 /Applications/STM32CubeIDE.app/Contents/Eclipse/plugins/com.st.stm32cube.ide.mcu.externaltools.gnu-tools-for-stm32.7-2018-q2-update.macos64_1.0.0.201904181610/tools/bin/../lib/gcc/arm-none-eabi/7.3.1/thumb/v6-m/crtbegin.o
 .text          0x0000000008000108      0x114 /Applications/STM32CubeIDE.app/Contents/Eclipse/plugins/com.st.stm32cube.ide.mcu.externaltools.gnu-tools-for-stm32.7-2018-q2-update.macos64_1.0.0.201904181610/tools/bin/../lib/gcc/arm-none-eabi/7.3.1/thumb/v6-m/libgcc.a(_udivsi3.o)
                0x0000000008000108                __udivsi3
                0x0000000008000108                __aeabi_uidiv
                0x0000000008000214                __aeabi_uidivmod
 .text          0x000000000800021c        0x4 /Applications/STM32CubeIDE.app/Contents/Eclipse/plugins/com.st.stm32cube.ide.mcu.externaltools.gnu-tools-for-stm32.7-2018-q2-update.macos64_1.0.0.201904181610/tools/bin/../lib/gcc/arm-none-eabi/7.3.1/thumb/v6-m/libgcc.a(_dvmd_tls.o)
                0x000000000800021c                __aeabi_ldiv0
                0x000000000800021c                __aeabi_idiv0
 *(.text*)
 .text.EPD_Init
                0x0000000008000220      0x1f8 Core/Src/epd2in7.o
                0x0000000008000220                EPD_Init
 .text.EPD_DigitalWrite
                0x0000000008000418       0x20 Core/Src/epd2in7.o
                0x0000000008000418                EPD_DigitalWrite
 .text.EPD_DigitalRead
                0x0000000008000438       0x1c Core/Src/epd2in7.o
                0x0000000008000438                EPD_DigitalRead
 .text.EPD_DelayMs
                0x0000000008000454       0x1a Core/Src/epd2in7.o
                0x0000000008000454                EPD_DelayMs
 .text.EPD_SendCommand
                0x000000000800046e       0x2e Core/Src/epd2in7.o
                0x000000000800046e                EPD_SendCommand
 .text.EPD_SendData
                0x000000000800049c       0x2e Core/Src/epd2in7.o
                0x000000000800049c                EPD_SendData
 .text.EPD_WaitUntilIdle
                0x00000000080004ca       0x2e Core/Src/epd2in7.o
                0x00000000080004ca                EPD_WaitUntilIdle
 .text.EPD_Reset
                0x00000000080004f8       0x40 Core/Src/epd2in7.o
                0x00000000080004f8                EPD_Reset
 .text.EPD_SetLut
                0x0000000008000538      0x10c Core/Src/epd2in7.o
                0x0000000008000538                EPD_SetLut
 .text.EPD_DisplayFrame
                0x0000000008000644       0xce Core/Src/epd2in7.o
                0x0000000008000644                EPD_DisplayFrame
 *fill*         0x0000000008000712        0x2 
 .text.EpdDigitalWriteCallback
                0x0000000008000714       0x5c Core/Src/epdif.o
                0x0000000008000714                EpdDigitalWriteCallback
 .text.EpdDigitalReadCallback
                0x0000000008000770       0x3c Core/Src/epdif.o
                0x0000000008000770                EpdDigitalReadCallback
 .text.EpdDelayMsCallback
                0x00000000080007ac       0x18 Core/Src/epdif.o
                0x00000000080007ac                EpdDelayMsCallback
 .text.EpdSpiTransferCallback
                0x00000000080007c4       0x50 Core/Src/epdif.o
                0x00000000080007c4                EpdSpiTransferCallback
 .text.EpdInitCallback
                0x0000000008000814       0x48 Core/Src/epdif.o
                0x0000000008000814                EpdInitCallback
 .text.Paint_Init
                0x000000000800085c       0x58 Core/Src/epdpaint.o
                0x000000000800085c                Paint_Init
 .text.Paint_Clear
                0x00000000080008b4       0x4a Core/Src/epdpaint.o
                0x00000000080008b4                Paint_Clear
 *fill*         0x00000000080008fe        0x2 
 .text.Paint_DrawAbsolutePixel
                0x0000000008000900       0xe0 Core/Src/epdpaint.o
                0x0000000008000900                Paint_DrawAbsolutePixel
 .text.Paint_SetRotate
                0x00000000080009e0       0x18 Core/Src/epdpaint.o
                0x00000000080009e0                Paint_SetRotate
 .text.Paint_DrawPixel
                0x00000000080009f8      0x13c Core/Src/epdpaint.o
                0x00000000080009f8                Paint_DrawPixel
 .text.Paint_DrawCharAt
                0x0000000008000b34       0xec Core/Src/epdpaint.o
                0x0000000008000b34                Paint_DrawCharAt
 .text.Paint_DrawStringAt
                0x0000000008000c20       0x5c Core/Src/epdpaint.o
                0x0000000008000c20                Paint_DrawStringAt
 .text.Paint_DrawLine
                0x0000000008000c7c       0xb2 Core/Src/epdpaint.o
                0x0000000008000c7c                Paint_DrawLine
 .text.Paint_DrawHorizontalLine
                0x0000000008000d2e       0x3a Core/Src/epdpaint.o
                0x0000000008000d2e                Paint_DrawHorizontalLine
 .text.Paint_DrawVerticalLine
                0x0000000008000d68       0x3a Core/Src/epdpaint.o
                0x0000000008000d68                Paint_DrawVerticalLine
 .text.Paint_DrawRectangle
                0x0000000008000da2       0xa6 Core/Src/epdpaint.o
                0x0000000008000da2                Paint_DrawRectangle
 .text.Paint_DrawFilledRectangle
                0x0000000008000e48       0x72 Core/Src/epdpaint.o
                0x0000000008000e48                Paint_DrawFilledRectangle
 .text.Paint_DrawCircle
                0x0000000008000eba       0xce Core/Src/epdpaint.o
                0x0000000008000eba                Paint_DrawCircle
 .text.Paint_DrawFilledCircle
                0x0000000008000f88      0x11a Core/Src/epdpaint.o
                0x0000000008000f88                Paint_DrawFilledCircle
 *fill*         0x00000000080010a2        0x2 
 .text.main     0x00000000080010a4      0x17c Core/Src/main.o
                0x00000000080010a4                main
 .text.SystemClock_Config
                0x0000000008001220       0xaa Core/Src/main.o
                0x0000000008001220                SystemClock_Config
 *fill*         0x00000000080012ca        0x2 
 .text.MX_SPI1_Init
                0x00000000080012cc       0x74 Core/Src/main.o
                0x00000000080012cc                MX_SPI1_Init
 .text.MX_USART1_UART_Init
                0x0000000008001340       0x58 Core/Src/main.o
                0x0000000008001340                MX_USART1_UART_Init
 .text.MX_GPIO_Init
                0x0000000008001398      0x1b0 Core/Src/main.o
                0x0000000008001398                MX_GPIO_Init
 .text.HAL_MspInit
                0x0000000008001548       0x48 Core/Src/stm32f0xx_hal_msp.o
                0x0000000008001548                HAL_MspInit
 .text.HAL_SPI_MspInit
                0x0000000008001590       0xe4 Core/Src/stm32f0xx_hal_msp.o
                0x0000000008001590                HAL_SPI_MspInit
 .text.HAL_UART_MspInit
                0x0000000008001674       0x9c Core/Src/stm32f0xx_hal_msp.o
                0x0000000008001674                HAL_UART_MspInit
 .text.NMI_Handler
                0x0000000008001710        0xa Core/Src/stm32f0xx_it.o
                0x0000000008001710                NMI_Handler
 .text.HardFault_Handler
                0x000000000800171a        0x6 Core/Src/stm32f0xx_it.o
                0x000000000800171a                HardFault_Handler
 .text.SVC_Handler
                0x0000000008001720        0xa Core/Src/stm32f0xx_it.o
                0x0000000008001720                SVC_Handler
 .text.PendSV_Handler
                0x000000000800172a        0xa Core/Src/stm32f0xx_it.o
                0x000000000800172a                PendSV_Handler
 .text.SysTick_Handler
                0x0000000008001734        0xe Core/Src/stm32f0xx_it.o
                0x0000000008001734                SysTick_Handler
 .text._read    0x0000000008001742       0x3a Core/Src/syscalls.o
                0x0000000008001742                _read
 .text._write   0x000000000800177c       0x38 Core/Src/syscalls.o
                0x000000000800177c                _write
 .text._close   0x00000000080017b4       0x14 Core/Src/syscalls.o
                0x00000000080017b4                _close
 .text._fstat   0x00000000080017c8       0x1c Core/Src/syscalls.o
                0x00000000080017c8                _fstat
 .text._isatty  0x00000000080017e4       0x12 Core/Src/syscalls.o
                0x00000000080017e4                _isatty
 .text._lseek   0x00000000080017f6       0x16 Core/Src/syscalls.o
                0x00000000080017f6                _lseek
 .text._sbrk    0x000000000800180c       0x58 Core/Src/sysmem.o
                0x000000000800180c                _sbrk
 .text.SystemInit
                0x0000000008001864        0xa Core/Src/system_stm32f0xx.o
                0x0000000008001864                SystemInit
 *fill*         0x000000000800186e        0x2 
 .text.Reset_Handler
                0x0000000008001870       0x50 Core/Startup/startup_stm32f051r8tx.o
                0x0000000008001870                Reset_Handler
 .text.Default_Handler
                0x00000000080018c0        0x2 Core/Startup/startup_stm32f051r8tx.o
                0x00000000080018c0                TIM1_BRK_UP_TRG_COM_IRQHandler
                0x00000000080018c0                TSC_IRQHandler
                0x00000000080018c0                ADC1_COMP_IRQHandler
                0x00000000080018c0                PVD_IRQHandler
                0x00000000080018c0                I2C1_IRQHandler
                0x00000000080018c0                RCC_CRS_IRQHandler
                0x00000000080018c0                SPI1_IRQHandler
                0x00000000080018c0                TIM6_DAC_IRQHandler
                0x00000000080018c0                EXTI2_3_IRQHandler
                0x00000000080018c0                I2C2_IRQHandler
                0x00000000080018c0                TIM17_IRQHandler
                0x00000000080018c0                CEC_CAN_IRQHandler
                0x00000000080018c0                RTC_IRQHandler
                0x00000000080018c0                TIM16_IRQHandler
                0x00000000080018c0                TIM3_IRQHandler
                0x00000000080018c0                EXTI4_15_IRQHandler
                0x00000000080018c0                DMA1_Channel1_IRQHandler
                0x00000000080018c0                Default_Handler
                0x00000000080018c0                TIM14_IRQHandler
                0x00000000080018c0                DMA1_Channel4_5_IRQHandler
                0x00000000080018c0                TIM15_IRQHandler
                0x00000000080018c0                EXTI0_1_IRQHandler
                0x00000000080018c0                SPI2_IRQHandler
                0x00000000080018c0                WWDG_IRQHandler
                0x00000000080018c0                TIM2_IRQHandler
                0x00000000080018c0                DMA1_Channel2_3_IRQHandler
                0x00000000080018c0                USART2_IRQHandler
                0x00000000080018c0                FLASH_IRQHandler
                0x00000000080018c0                USART1_IRQHandler
                0x00000000080018c0                TIM1_CC_IRQHandler
 *fill*         0x00000000080018c2        0x2 
 .text.HAL_Init
                0x00000000080018c4       0x28 Drivers/STM32F0xx_HAL_Driver/Src/stm32f0xx_hal.o
                0x00000000080018c4                HAL_Init
 .text.HAL_InitTick
                0x00000000080018ec       0x68 Drivers/STM32F0xx_HAL_Driver/Src/stm32f0xx_hal.o
                0x00000000080018ec                HAL_InitTick
 .text.HAL_IncTick
                0x0000000008001954       0x24 Drivers/STM32F0xx_HAL_Driver/Src/stm32f0xx_hal.o
                0x0000000008001954                HAL_IncTick
 .text.HAL_GetTick
                0x0000000008001978       0x14 Drivers/STM32F0xx_HAL_Driver/Src/stm32f0xx_hal.o
                0x0000000008001978                HAL_GetTick
 .text.HAL_Delay
                0x000000000800198c       0x44 Drivers/STM32F0xx_HAL_Driver/Src/stm32f0xx_hal.o
                0x000000000800198c                HAL_Delay
 .text.__NVIC_SetPriority
                0x00000000080019d0       0xdc Drivers/STM32F0xx_HAL_Driver/Src/stm32f0xx_hal_cortex.o
 .text.SysTick_Config
                0x0000000008001aac       0x48 Drivers/STM32F0xx_HAL_Driver/Src/stm32f0xx_hal_cortex.o
 .text.HAL_NVIC_SetPriority
                0x0000000008001af4       0x2a Drivers/STM32F0xx_HAL_Driver/Src/stm32f0xx_hal_cortex.o
                0x0000000008001af4                HAL_NVIC_SetPriority
 .text.HAL_SYSTICK_Config
                0x0000000008001b1e       0x1a Drivers/STM32F0xx_HAL_Driver/Src/stm32f0xx_hal_cortex.o
                0x0000000008001b1e                HAL_SYSTICK_Config
 .text.HAL_GPIO_Init
                0x0000000008001b38      0x2e0 Drivers/STM32F0xx_HAL_Driver/Src/stm32f0xx_hal_gpio.o
                0x0000000008001b38                HAL_GPIO_Init
 .text.HAL_GPIO_ReadPin
                0x0000000008001e18       0x3a Drivers/STM32F0xx_HAL_Driver/Src/stm32f0xx_hal_gpio.o
                0x0000000008001e18                HAL_GPIO_ReadPin
 .text.HAL_GPIO_WritePin
                0x0000000008001e52       0x3a Drivers/STM32F0xx_HAL_Driver/Src/stm32f0xx_hal_gpio.o
                0x0000000008001e52                HAL_GPIO_WritePin
 .text.HAL_RCC_OscConfig
                0x0000000008001e8c      0x638 Drivers/STM32F0xx_HAL_Driver/Src/stm32f0xx_hal_rcc.o
                0x0000000008001e8c                HAL_RCC_OscConfig
 .text.HAL_RCC_ClockConfig
                0x00000000080024c4      0x19c Drivers/STM32F0xx_HAL_Driver/Src/stm32f0xx_hal_rcc.o
                0x00000000080024c4                HAL_RCC_ClockConfig
 .text.HAL_RCC_GetSysClockFreq
                0x0000000008002660       0xc8 Drivers/STM32F0xx_HAL_Driver/Src/stm32f0xx_hal_rcc.o
                0x0000000008002660                HAL_RCC_GetSysClockFreq
 .text.HAL_RCC_GetHCLKFreq
                0x0000000008002728       0x14 Drivers/STM32F0xx_HAL_Driver/Src/stm32f0xx_hal_rcc.o
                0x0000000008002728                HAL_RCC_GetHCLKFreq
 .text.HAL_RCC_GetPCLK1Freq
                0x000000000800273c       0x2c Drivers/STM32F0xx_HAL_Driver/Src/stm32f0xx_hal_rcc.o
                0x000000000800273c                HAL_RCC_GetPCLK1Freq
 .text.HAL_RCCEx_PeriphCLKConfig
                0x0000000008002768      0x1bc Drivers/STM32F0xx_HAL_Driver/Src/stm32f0xx_hal_rcc_ex.o
                0x0000000008002768                HAL_RCCEx_PeriphCLKConfig
 .text.HAL_SPI_Init
                0x0000000008002924      0x134 Drivers/STM32F0xx_HAL_Driver/Src/stm32f0xx_hal_spi.o
                0x0000000008002924                HAL_SPI_Init
 .text.HAL_SPI_Transmit
                0x0000000008002a58      0x302 Drivers/STM32F0xx_HAL_Driver/Src/stm32f0xx_hal_spi.o
                0x0000000008002a58                HAL_SPI_Transmit
 *fill*         0x0000000008002d5a        0x2 
 .text.SPI_WaitFlagStateUntilTimeout
                0x0000000008002d5c       0xe0 Drivers/STM32F0xx_HAL_Driver/Src/stm32f0xx_hal_spi.o
 .text.SPI_WaitFifoStateUntilTimeout
                0x0000000008002e3c       0xe8 Drivers/STM32F0xx_HAL_Driver/Src/stm32f0xx_hal_spi.o
 .text.SPI_EndRxTxTransaction
                0x0000000008002f24       0x8c Drivers/STM32F0xx_HAL_Driver/Src/stm32f0xx_hal_spi.o
 .text.HAL_UART_Init
                0x0000000008002fb0       0xa8 Drivers/STM32F0xx_HAL_Driver/Src/stm32f0xx_hal_uart.o
                0x0000000008002fb0                HAL_UART_Init
 .text.UART_SetConfig
                0x0000000008003058      0x30c Drivers/STM32F0xx_HAL_Driver/Src/stm32f0xx_hal_uart.o
                0x0000000008003058                UART_SetConfig
 .text.UART_AdvFeatureConfig
                0x0000000008003364      0x168 Drivers/STM32F0xx_HAL_Driver/Src/stm32f0xx_hal_uart.o
                0x0000000008003364                UART_AdvFeatureConfig
 .text.UART_CheckIdleState
                0x00000000080034cc       0x8c Drivers/STM32F0xx_HAL_Driver/Src/stm32f0xx_hal_uart.o
                0x00000000080034cc                UART_CheckIdleState
 .text.UART_WaitOnFlagUntilTimeout
                0x0000000008003558       0xfc Drivers/STM32F0xx_HAL_Driver/Src/stm32f0xx_hal_uart.o
                0x0000000008003558                UART_WaitOnFlagUntilTimeout
 .text.__errno  0x0000000008003654        0xc /Applications/STM32CubeIDE.app/Contents/Eclipse/plugins/com.st.stm32cube.ide.mcu.externaltools.gnu-tools-for-stm32.7-2018-q2-update.macos64_1.0.0.201904181610/tools/bin/../lib/gcc/arm-none-eabi/7.3.1/../../../../arm-none-eabi/lib/thumb/v6-m/libc_nano.a(lib_a-errno.o)
                0x0000000008003654                __errno
 .text.__libc_init_array
                0x0000000008003660       0x48 /Applications/STM32CubeIDE.app/Contents/Eclipse/plugins/com.st.stm32cube.ide.mcu.externaltools.gnu-tools-for-stm32.7-2018-q2-update.macos64_1.0.0.201904181610/tools/bin/../lib/gcc/arm-none-eabi/7.3.1/../../../../arm-none-eabi/lib/thumb/v6-m/libc_nano.a(lib_a-init.o)
                0x0000000008003660                __libc_init_array
 .text.malloc   0x00000000080036a8       0x14 /Applications/STM32CubeIDE.app/Contents/Eclipse/plugins/com.st.stm32cube.ide.mcu.externaltools.gnu-tools-for-stm32.7-2018-q2-update.macos64_1.0.0.201904181610/tools/bin/../lib/gcc/arm-none-eabi/7.3.1/../../../../arm-none-eabi/lib/thumb/v6-m/libc_nano.a(lib_a-malloc.o)
                0x00000000080036a8                malloc
 .text.memset   0x00000000080036bc       0x10 /Applications/STM32CubeIDE.app/Contents/Eclipse/plugins/com.st.stm32cube.ide.mcu.externaltools.gnu-tools-for-stm32.7-2018-q2-update.macos64_1.0.0.201904181610/tools/bin/../lib/gcc/arm-none-eabi/7.3.1/../../../../arm-none-eabi/lib/thumb/v6-m/libc_nano.a(lib_a-memset.o)
                0x00000000080036bc                memset
 .text._free_r  0x00000000080036cc       0x94 /Applications/STM32CubeIDE.app/Contents/Eclipse/plugins/com.st.stm32cube.ide.mcu.externaltools.gnu-tools-for-stm32.7-2018-q2-update.macos64_1.0.0.201904181610/tools/bin/../lib/gcc/arm-none-eabi/7.3.1/../../../../arm-none-eabi/lib/thumb/v6-m/libc_nano.a(lib_a-nano-freer.o)
                0x00000000080036cc                _free_r
 .text._malloc_r
                0x0000000008003760       0xbc /Applications/STM32CubeIDE.app/Contents/Eclipse/plugins/com.st.stm32cube.ide.mcu.externaltools.gnu-tools-for-stm32.7-2018-q2-update.macos64_1.0.0.201904181610/tools/bin/../lib/gcc/arm-none-eabi/7.3.1/../../../../arm-none-eabi/lib/thumb/v6-m/libc_nano.a(lib_a-nano-mallocr.o)
                0x0000000008003760                _malloc_r
 .text._puts_r  0x000000000800381c       0xc0 /Applications/STM32CubeIDE.app/Contents/Eclipse/plugins/com.st.stm32cube.ide.mcu.externaltools.gnu-tools-for-stm32.7-2018-q2-update.macos64_1.0.0.201904181610/tools/bin/../lib/gcc/arm-none-eabi/7.3.1/../../../../arm-none-eabi/lib/thumb/v6-m/libc_nano.a(lib_a-puts.o)
                0x000000000800381c                _puts_r
 .text.puts     0x00000000080038dc       0x14 /Applications/STM32CubeIDE.app/Contents/Eclipse/plugins/com.st.stm32cube.ide.mcu.externaltools.gnu-tools-for-stm32.7-2018-q2-update.macos64_1.0.0.201904181610/tools/bin/../lib/gcc/arm-none-eabi/7.3.1/../../../../arm-none-eabi/lib/thumb/v6-m/libc_nano.a(lib_a-puts.o)
                0x00000000080038dc                puts
 .text._sbrk_r  0x00000000080038f0       0x24 /Applications/STM32CubeIDE.app/Contents/Eclipse/plugins/com.st.stm32cube.ide.mcu.externaltools.gnu-tools-for-stm32.7-2018-q2-update.macos64_1.0.0.201904181610/tools/bin/../lib/gcc/arm-none-eabi/7.3.1/../../../../arm-none-eabi/lib/thumb/v6-m/libc_nano.a(lib_a-sbrkr.o)
                0x00000000080038f0                _sbrk_r
 .text.__swbuf_r
                0x0000000008003914       0xac /Applications/STM32CubeIDE.app/Contents/Eclipse/plugins/com.st.stm32cube.ide.mcu.externaltools.gnu-tools-for-stm32.7-2018-q2-update.macos64_1.0.0.201904181610/tools/bin/../lib/gcc/arm-none-eabi/7.3.1/../../../../arm-none-eabi/lib/thumb/v6-m/libc_nano.a(lib_a-wbuf.o)
                0x0000000008003914                __swbuf_r
 .text.__swsetup_r
                0x00000000080039c0       0xec /Applications/STM32CubeIDE.app/Contents/Eclipse/plugins/com.st.stm32cube.ide.mcu.externaltools.gnu-tools-for-stm32.7-2018-q2-update.macos64_1.0.0.201904181610/tools/bin/../lib/gcc/arm-none-eabi/7.3.1/../../../../arm-none-eabi/lib/thumb/v6-m/libc_nano.a(lib_a-wsetup.o)
                0x00000000080039c0                __swsetup_r
 .text.__sflush_r
                0x0000000008003aac      0x114 /Applications/STM32CubeIDE.app/Contents/Eclipse/plugins/com.st.stm32cube.ide.mcu.externaltools.gnu-tools-for-stm32.7-2018-q2-update.macos64_1.0.0.201904181610/tools/bin/../lib/gcc/arm-none-eabi/7.3.1/../../../../arm-none-eabi/lib/thumb/v6-m/libc_nano.a(lib_a-fflush.o)
                0x0000000008003aac                __sflush_r
 .text._fflush_r
                0x0000000008003bc0       0x58 /Applications/STM32CubeIDE.app/Contents/Eclipse/plugins/com.st.stm32cube.ide.mcu.externaltools.gnu-tools-for-stm32.7-2018-q2-update.macos64_1.0.0.201904181610/tools/bin/../lib/gcc/arm-none-eabi/7.3.1/../../../../arm-none-eabi/lib/thumb/v6-m/libc_nano.a(lib_a-fflush.o)
                0x0000000008003bc0                _fflush_r
 .text.std      0x0000000008003c18       0x48 /Applications/STM32CubeIDE.app/Contents/Eclipse/plugins/com.st.stm32cube.ide.mcu.externaltools.gnu-tools-for-stm32.7-2018-q2-update.macos64_1.0.0.201904181610/tools/bin/../lib/gcc/arm-none-eabi/7.3.1/../../../../arm-none-eabi/lib/thumb/v6-m/libc_nano.a(lib_a-findfp.o)
 .text._cleanup_r
                0x0000000008003c60       0x10 /Applications/STM32CubeIDE.app/Contents/Eclipse/plugins/com.st.stm32cube.ide.mcu.externaltools.gnu-tools-for-stm32.7-2018-q2-update.macos64_1.0.0.201904181610/tools/bin/../lib/gcc/arm-none-eabi/7.3.1/../../../../arm-none-eabi/lib/thumb/v6-m/libc_nano.a(lib_a-findfp.o)
                0x0000000008003c60                _cleanup_r
 .text.__sfmoreglue
                0x0000000008003c70       0x2c /Applications/STM32CubeIDE.app/Contents/Eclipse/plugins/com.st.stm32cube.ide.mcu.externaltools.gnu-tools-for-stm32.7-2018-q2-update.macos64_1.0.0.201904181610/tools/bin/../lib/gcc/arm-none-eabi/7.3.1/../../../../arm-none-eabi/lib/thumb/v6-m/libc_nano.a(lib_a-findfp.o)
                0x0000000008003c70                __sfmoreglue
 .text.__sinit  0x0000000008003c9c       0x68 /Applications/STM32CubeIDE.app/Contents/Eclipse/plugins/com.st.stm32cube.ide.mcu.externaltools.gnu-tools-for-stm32.7-2018-q2-update.macos64_1.0.0.201904181610/tools/bin/../lib/gcc/arm-none-eabi/7.3.1/../../../../arm-none-eabi/lib/thumb/v6-m/libc_nano.a(lib_a-findfp.o)
                0x0000000008003c9c                __sinit
 .text.__sfp    0x0000000008003d04       0x7c /Applications/STM32CubeIDE.app/Contents/Eclipse/plugins/com.st.stm32cube.ide.mcu.externaltools.gnu-tools-for-stm32.7-2018-q2-update.macos64_1.0.0.201904181610/tools/bin/../lib/gcc/arm-none-eabi/7.3.1/../../../../arm-none-eabi/lib/thumb/v6-m/libc_nano.a(lib_a-findfp.o)
                0x0000000008003d04                __sfp
 .text._fwalk_reent
                0x0000000008003d80       0x42 /Applications/STM32CubeIDE.app/Contents/Eclipse/plugins/com.st.stm32cube.ide.mcu.externaltools.gnu-tools-for-stm32.7-2018-q2-update.macos64_1.0.0.201904181610/tools/bin/../lib/gcc/arm-none-eabi/7.3.1/../../../../arm-none-eabi/lib/thumb/v6-m/libc_nano.a(lib_a-fwalk.o)
                0x0000000008003d80                _fwalk_reent
 *fill*         0x0000000008003dc2        0x2 
 .text.__swhatbuf_r
                0x0000000008003dc4       0x50 /Applications/STM32CubeIDE.app/Contents/Eclipse/plugins/com.st.stm32cube.ide.mcu.externaltools.gnu-tools-for-stm32.7-2018-q2-update.macos64_1.0.0.201904181610/tools/bin/../lib/gcc/arm-none-eabi/7.3.1/../../../../arm-none-eabi/lib/thumb/v6-m/libc_nano.a(lib_a-makebuf.o)
                0x0000000008003dc4                __swhatbuf_r
 .text.__smakebuf_r
                0x0000000008003e14       0x88 /Applications/STM32CubeIDE.app/Contents/Eclipse/plugins/com.st.stm32cube.ide.mcu.externaltools.gnu-tools-for-stm32.7-2018-q2-update.macos64_1.0.0.201904181610/tools/bin/../lib/gcc/arm-none-eabi/7.3.1/../../../../arm-none-eabi/lib/thumb/v6-m/libc_nano.a(lib_a-makebuf.o)
                0x0000000008003e14                __smakebuf_r
 .text.__malloc_lock
                0x0000000008003e9c        0x2 /Applications/STM32CubeIDE.app/Contents/Eclipse/plugins/com.st.stm32cube.ide.mcu.externaltools.gnu-tools-for-stm32.7-2018-q2-update.macos64_1.0.0.201904181610/tools/bin/../lib/gcc/arm-none-eabi/7.3.1/../../../../arm-none-eabi/lib/thumb/v6-m/libc_nano.a(lib_a-mlock.o)
                0x0000000008003e9c                __malloc_lock
 .text.__malloc_unlock
                0x0000000008003e9e        0x2 /Applications/STM32CubeIDE.app/Contents/Eclipse/plugins/com.st.stm32cube.ide.mcu.externaltools.gnu-tools-for-stm32.7-2018-q2-update.macos64_1.0.0.201904181610/tools/bin/../lib/gcc/arm-none-eabi/7.3.1/../../../../arm-none-eabi/lib/thumb/v6-m/libc_nano.a(lib_a-mlock.o)
                0x0000000008003e9e                __malloc_unlock
 .text.__sread  0x0000000008003ea0       0x28 /Applications/STM32CubeIDE.app/Contents/Eclipse/plugins/com.st.stm32cube.ide.mcu.externaltools.gnu-tools-for-stm32.7-2018-q2-update.macos64_1.0.0.201904181610/tools/bin/../lib/gcc/arm-none-eabi/7.3.1/../../../../arm-none-eabi/lib/thumb/v6-m/libc_nano.a(lib_a-stdio.o)
                0x0000000008003ea0                __sread
 .text.__swrite
                0x0000000008003ec8       0x38 /Applications/STM32CubeIDE.app/Contents/Eclipse/plugins/com.st.stm32cube.ide.mcu.externaltools.gnu-tools-for-stm32.7-2018-q2-update.macos64_1.0.0.201904181610/tools/bin/../lib/gcc/arm-none-eabi/7.3.1/../../../../arm-none-eabi/lib/thumb/v6-m/libc_nano.a(lib_a-stdio.o)
                0x0000000008003ec8                __swrite
 .text.__sseek  0x0000000008003f00       0x2c /Applications/STM32CubeIDE.app/Contents/Eclipse/plugins/com.st.stm32cube.ide.mcu.externaltools.gnu-tools-for-stm32.7-2018-q2-update.macos64_1.0.0.201904181610/tools/bin/../lib/gcc/arm-none-eabi/7.3.1/../../../../arm-none-eabi/lib/thumb/v6-m/libc_nano.a(lib_a-stdio.o)
                0x0000000008003f00                __sseek
 .text.__sclose
                0x0000000008003f2c        0xc /Applications/STM32CubeIDE.app/Contents/Eclipse/plugins/com.st.stm32cube.ide.mcu.externaltools.gnu-tools-for-stm32.7-2018-q2-update.macos64_1.0.0.201904181610/tools/bin/../lib/gcc/arm-none-eabi/7.3.1/../../../../arm-none-eabi/lib/thumb/v6-m/libc_nano.a(lib_a-stdio.o)
                0x0000000008003f2c                __sclose
 .text._write_r
                0x0000000008003f38       0x28 /Applications/STM32CubeIDE.app/Contents/Eclipse/plugins/com.st.stm32cube.ide.mcu.externaltools.gnu-tools-for-stm32.7-2018-q2-update.macos64_1.0.0.201904181610/tools/bin/../lib/gcc/arm-none-eabi/7.3.1/../../../../arm-none-eabi/lib/thumb/v6-m/libc_nano.a(lib_a-writer.o)
                0x0000000008003f38                _write_r
 .text._close_r
                0x0000000008003f60       0x24 /Applications/STM32CubeIDE.app/Contents/Eclipse/plugins/com.st.stm32cube.ide.mcu.externaltools.gnu-tools-for-stm32.7-2018-q2-update.macos64_1.0.0.201904181610/tools/bin/../lib/gcc/arm-none-eabi/7.3.1/../../../../arm-none-eabi/lib/thumb/v6-m/libc_nano.a(lib_a-closer.o)
                0x0000000008003f60                _close_r
 .text._fstat_r
                0x0000000008003f84       0x24 /Applications/STM32CubeIDE.app/Contents/Eclipse/plugins/com.st.stm32cube.ide.mcu.externaltools.gnu-tools-for-stm32.7-2018-q2-update.macos64_1.0.0.201904181610/tools/bin/../lib/gcc/arm-none-eabi/7.3.1/../../../../arm-none-eabi/lib/thumb/v6-m/libc_nano.a(lib_a-fstatr.o)
                0x0000000008003f84                _fstat_r
 .text._isatty_r
                0x0000000008003fa8       0x24 /Applications/STM32CubeIDE.app/Contents/Eclipse/plugins/com.st.stm32cube.ide.mcu.externaltools.gnu-tools-for-stm32.7-2018-q2-update.macos64_1.0.0.201904181610/tools/bin/../lib/gcc/arm-none-eabi/7.3.1/../../../../arm-none-eabi/lib/thumb/v6-m/libc_nano.a(lib_a-isattyr.o)
                0x0000000008003fa8                _isatty_r
 .text._lseek_r
                0x0000000008003fcc       0x28 /Applications/STM32CubeIDE.app/Contents/Eclipse/plugins/com.st.stm32cube.ide.mcu.externaltools.gnu-tools-for-stm32.7-2018-q2-update.macos64_1.0.0.201904181610/tools/bin/../lib/gcc/arm-none-eabi/7.3.1/../../../../arm-none-eabi/lib/thumb/v6-m/libc_nano.a(lib_a-lseekr.o)
                0x0000000008003fcc                _lseek_r
 .text._read_r  0x0000000008003ff4       0x28 /Applications/STM32CubeIDE.app/Contents/Eclipse/plugins/com.st.stm32cube.ide.mcu.externaltools.gnu-tools-for-stm32.7-2018-q2-update.macos64_1.0.0.201904181610/tools/bin/../lib/gcc/arm-none-eabi/7.3.1/../../../../arm-none-eabi/lib/thumb/v6-m/libc_nano.a(lib_a-readr.o)
                0x0000000008003ff4                _read_r
 *(.glue_7)
 .glue_7        0x000000000800401c        0x0 linker stubs
 *(.glue_7t)
 .glue_7t       0x000000000800401c        0x0 linker stubs
 *(.eh_frame)
 .eh_frame      0x000000000800401c        0x0 /Applications/STM32CubeIDE.app/Contents/Eclipse/plugins/com.st.stm32cube.ide.mcu.externaltools.gnu-tools-for-stm32.7-2018-q2-update.macos64_1.0.0.201904181610/tools/bin/../lib/gcc/arm-none-eabi/7.3.1/thumb/v6-m/crtbegin.o
 *(.init)
 .init          0x000000000800401c        0x4 /Applications/STM32CubeIDE.app/Contents/Eclipse/plugins/com.st.stm32cube.ide.mcu.externaltools.gnu-tools-for-stm32.7-2018-q2-update.macos64_1.0.0.201904181610/tools/bin/../lib/gcc/arm-none-eabi/7.3.1/thumb/v6-m/crti.o
                0x000000000800401c                _init
 .init          0x0000000008004020        0x8 /Applications/STM32CubeIDE.app/Contents/Eclipse/plugins/com.st.stm32cube.ide.mcu.externaltools.gnu-tools-for-stm32.7-2018-q2-update.macos64_1.0.0.201904181610/tools/bin/../lib/gcc/arm-none-eabi/7.3.1/thumb/v6-m/crtn.o
 *(.fini)
 .fini          0x0000000008004028        0x4 /Applications/STM32CubeIDE.app/Contents/Eclipse/plugins/com.st.stm32cube.ide.mcu.externaltools.gnu-tools-for-stm32.7-2018-q2-update.macos64_1.0.0.201904181610/tools/bin/../lib/gcc/arm-none-eabi/7.3.1/thumb/v6-m/crti.o
                0x0000000008004028                _fini
 .fini          0x000000000800402c        0x8 /Applications/STM32CubeIDE.app/Contents/Eclipse/plugins/com.st.stm32cube.ide.mcu.externaltools.gnu-tools-for-stm32.7-2018-q2-update.macos64_1.0.0.201904181610/tools/bin/../lib/gcc/arm-none-eabi/7.3.1/thumb/v6-m/crtn.o
                0x0000000008004034                . = ALIGN (0x4)
                0x0000000008004034                _etext = .

.vfp11_veneer   0x0000000008004034        0x0
 .vfp11_veneer  0x0000000008004034        0x0 linker stubs

.v4_bx          0x0000000008004034        0x0
 .v4_bx         0x0000000008004034        0x0 linker stubs

.iplt           0x0000000008004034        0x0
 .iplt          0x0000000008004034        0x0 /Applications/STM32CubeIDE.app/Contents/Eclipse/plugins/com.st.stm32cube.ide.mcu.externaltools.gnu-tools-for-stm32.7-2018-q2-update.macos64_1.0.0.201904181610/tools/bin/../lib/gcc/arm-none-eabi/7.3.1/thumb/v6-m/crtbegin.o

.rodata         0x0000000008004034     0x49ac
                0x0000000008004034                . = ALIGN (0x4)
 *(.rodata)
 .rodata        0x0000000008004034       0x1c Core/Src/main.o
 .rodata        0x0000000008004050       0x20 Drivers/STM32F0xx_HAL_Driver/Src/stm32f0xx_hal_rcc.o
 *(.rodata*)
 .rodata.lut_vcom_dc
                0x0000000008004070       0x2c Core/Src/epd2in7.o
                0x0000000008004070                lut_vcom_dc
 .rodata.lut_ww
                0x000000000800409c       0x2a Core/Src/epd2in7.o
                0x000000000800409c                lut_ww
 *fill*         0x00000000080040c6        0x2 
 .rodata.lut_bw
                0x00000000080040c8       0x2a Core/Src/epd2in7.o
                0x00000000080040c8                lut_bw
 *fill*         0x00000000080040f2        0x2 
 .rodata.lut_bb
                0x00000000080040f4       0x2a Core/Src/epd2in7.o
                0x00000000080040f4                lut_bb
 *fill*         0x000000000800411e        0x2 
 .rodata.lut_wb
                0x0000000008004120       0x2a Core/Src/epd2in7.o
                0x0000000008004120                lut_wb
 *fill*         0x000000000800414a        0x2 
 .rodata.Font16_Table
                0x000000000800414c      0xbe0 Core/Src/font16.o
                0x000000000800414c                Font16_Table
 .rodata.Font20_Table
                0x0000000008004d2c      0xed8 Core/Src/font20.o
                0x0000000008004d2c                Font20_Table
 .rodata.gImage_business_card
                0x0000000008005c04     0x16b0 Core/Src/imagedata.o
                0x0000000008005c04                gImage_business_card
 .rodata.IMAGE_DATA
                0x00000000080072b4     0x16b0 Core/Src/imagedata.o
                0x00000000080072b4                IMAGE_DATA
 .rodata.AHBPrescTable
                0x0000000008008964       0x10 Core/Src/system_stm32f0xx.o
                0x0000000008008964                AHBPrescTable
 .rodata.APBPrescTable
                0x0000000008008974        0x8 Core/Src/system_stm32f0xx.o
                0x0000000008008974                APBPrescTable
 .rodata._global_impure_ptr
                0x000000000800897c        0x4 /Applications/STM32CubeIDE.app/Contents/Eclipse/plugins/com.st.stm32cube.ide.mcu.externaltools.gnu-tools-for-stm32.7-2018-q2-update.macos64_1.0.0.201904181610/tools/bin/../lib/gcc/arm-none-eabi/7.3.1/../../../../arm-none-eabi/lib/thumb/v6-m/libc_nano.a(lib_a-impure.o)
                0x000000000800897c                _global_impure_ptr
 .rodata.__sf_fake_stderr
                0x0000000008008980       0x20 /Applications/STM32CubeIDE.app/Contents/Eclipse/plugins/com.st.stm32cube.ide.mcu.externaltools.gnu-tools-for-stm32.7-2018-q2-update.macos64_1.0.0.201904181610/tools/bin/../lib/gcc/arm-none-eabi/7.3.1/../../../../arm-none-eabi/lib/thumb/v6-m/libc_nano.a(lib_a-findfp.o)
                0x0000000008008980                __sf_fake_stderr
 .rodata.__sf_fake_stdin
                0x00000000080089a0       0x20 /Applications/STM32CubeIDE.app/Contents/Eclipse/plugins/com.st.stm32cube.ide.mcu.externaltools.gnu-tools-for-stm32.7-2018-q2-update.macos64_1.0.0.201904181610/tools/bin/../lib/gcc/arm-none-eabi/7.3.1/../../../../arm-none-eabi/lib/thumb/v6-m/libc_nano.a(lib_a-findfp.o)
                0x00000000080089a0                __sf_fake_stdin
 .rodata.__sf_fake_stdout
                0x00000000080089c0       0x20 /Applications/STM32CubeIDE.app/Contents/Eclipse/plugins/com.st.stm32cube.ide.mcu.externaltools.gnu-tools-for-stm32.7-2018-q2-update.macos64_1.0.0.201904181610/tools/bin/../lib/gcc/arm-none-eabi/7.3.1/../../../../arm-none-eabi/lib/thumb/v6-m/libc_nano.a(lib_a-findfp.o)
                0x00000000080089c0                __sf_fake_stdout
                0x00000000080089e0                . = ALIGN (0x4)

.rel.dyn        0x00000000080089e0        0x0
 .rel.iplt      0x00000000080089e0        0x0 /Applications/STM32CubeIDE.app/Contents/Eclipse/plugins/com.st.stm32cube.ide.mcu.externaltools.gnu-tools-for-stm32.7-2018-q2-update.macos64_1.0.0.201904181610/tools/bin/../lib/gcc/arm-none-eabi/7.3.1/thumb/v6-m/crtbegin.o

.ARM.extab      0x00000000080089e0        0x0
                0x00000000080089e0                . = ALIGN (0x4)
 *(.ARM.extab* .gnu.linkonce.armextab.*)
                0x00000000080089e0                . = ALIGN (0x4)

.ARM            0x00000000080089e0        0x0
                0x00000000080089e0                . = ALIGN (0x4)
                0x00000000080089e0                __exidx_start = .
 *(.ARM.exidx*)
                0x00000000080089e0                __exidx_end = .
                0x00000000080089e0                . = ALIGN (0x4)

.preinit_array  0x00000000080089e0        0x0
                0x00000000080089e0                . = ALIGN (0x4)
                0x00000000080089e0                PROVIDE (__preinit_array_start = .)
 *(.preinit_array*)
                0x00000000080089e0                PROVIDE (__preinit_array_end = .)
                0x00000000080089e0                . = ALIGN (0x4)

.init_array     0x00000000080089e0        0x4
                0x00000000080089e0                . = ALIGN (0x4)
                0x00000000080089e0                PROVIDE (__init_array_start = .)
 *(SORT_BY_NAME(.init_array.*))
 *(.init_array*)
 .init_array    0x00000000080089e0        0x4 /Applications/STM32CubeIDE.app/Contents/Eclipse/plugins/com.st.stm32cube.ide.mcu.externaltools.gnu-tools-for-stm32.7-2018-q2-update.macos64_1.0.0.201904181610/tools/bin/../lib/gcc/arm-none-eabi/7.3.1/thumb/v6-m/crtbegin.o
                0x00000000080089e4                PROVIDE (__init_array_end = .)
                0x00000000080089e4                . = ALIGN (0x4)

.fini_array     0x00000000080089e4        0x4
                0x00000000080089e4                . = ALIGN (0x4)
                [!provide]                        PROVIDE (__fini_array_start = .)
 *(SORT_BY_NAME(.fini_array.*))
 *(.fini_array*)
 .fini_array    0x00000000080089e4        0x4 /Applications/STM32CubeIDE.app/Contents/Eclipse/plugins/com.st.stm32cube.ide.mcu.externaltools.gnu-tools-for-stm32.7-2018-q2-update.macos64_1.0.0.201904181610/tools/bin/../lib/gcc/arm-none-eabi/7.3.1/thumb/v6-m/crtbegin.o
                [!provide]                        PROVIDE (__fini_array_end = .)
                0x00000000080089e8                . = ALIGN (0x4)
                0x00000000080089e8                _sidata = LOADADDR (.data)

.data           0x0000000020000000       0xa0 load address 0x00000000080089e8
                0x0000000020000000                . = ALIGN (0x4)
                0x0000000020000000                _sdata = .
 *(.data)
 *(.data*)
 .data.epd_cs_pin
                0x0000000020000000        0x8 Core/Src/epdif.o
                0x0000000020000000                epd_cs_pin
 .data.epd_rst_pin
                0x0000000020000008        0x8 Core/Src/epdif.o
                0x0000000020000008                epd_rst_pin
 .data.epd_dc_pin
                0x0000000020000010        0x8 Core/Src/epdif.o
                0x0000000020000010                epd_dc_pin
 .data.epd_busy_pin
                0x0000000020000018        0x8 Core/Src/epdif.o
                0x0000000020000018                epd_busy_pin
 .data.Font16   0x0000000020000020        0x8 Core/Src/font16.o
                0x0000000020000020                Font16
 .data.Font20   0x0000000020000028        0x8 Core/Src/font20.o
                0x0000000020000028                Font20
 .data.SystemCoreClock
                0x0000000020000030        0x4 Core/Src/system_stm32f0xx.o
                0x0000000020000030                SystemCoreClock
 .data.uwTickPrio
                0x0000000020000034        0x4 Drivers/STM32F0xx_HAL_Driver/Src/stm32f0xx_hal.o
                0x0000000020000034                uwTickPrio
 .data.uwTickFreq
                0x0000000020000038        0x1 Drivers/STM32F0xx_HAL_Driver/Src/stm32f0xx_hal.o
                0x0000000020000038                uwTickFreq
 *fill*         0x0000000020000039        0x3 
 .data._impure_ptr
                0x000000002000003c        0x4 /Applications/STM32CubeIDE.app/Contents/Eclipse/plugins/com.st.stm32cube.ide.mcu.externaltools.gnu-tools-for-stm32.7-2018-q2-update.macos64_1.0.0.201904181610/tools/bin/../lib/gcc/arm-none-eabi/7.3.1/../../../../arm-none-eabi/lib/thumb/v6-m/libc_nano.a(lib_a-impure.o)
                0x000000002000003c                _impure_ptr
 .data.impure_data
                0x0000000020000040       0x60 /Applications/STM32CubeIDE.app/Contents/Eclipse/plugins/com.st.stm32cube.ide.mcu.externaltools.gnu-tools-for-stm32.7-2018-q2-update.macos64_1.0.0.201904181610/tools/bin/../lib/gcc/arm-none-eabi/7.3.1/../../../../arm-none-eabi/lib/thumb/v6-m/libc_nano.a(lib_a-impure.o)
                0x00000000200000a0                . = ALIGN (0x4)
                0x00000000200000a0                _edata = .

.igot.plt       0x00000000200000a0        0x0 load address 0x0000000008008a88
 .igot.plt      0x00000000200000a0        0x0 /Applications/STM32CubeIDE.app/Contents/Eclipse/plugins/com.st.stm32cube.ide.mcu.externaltools.gnu-tools-for-stm32.7-2018-q2-update.macos64_1.0.0.201904181610/tools/bin/../lib/gcc/arm-none-eabi/7.3.1/thumb/v6-m/crtbegin.o
                0x00000000200000a0                . = ALIGN (0x4)

.bss            0x00000000200000a0      0x134 load address 0x0000000008008a88
                0x00000000200000a0                _sbss = .
                0x00000000200000a0                __bss_start__ = _sbss
 *(.bss)
 .bss           0x00000000200000a0       0x1c /Applications/STM32CubeIDE.app/Contents/Eclipse/plugins/com.st.stm32cube.ide.mcu.externaltools.gnu-tools-for-stm32.7-2018-q2-update.macos64_1.0.0.201904181610/tools/bin/../lib/gcc/arm-none-eabi/7.3.1/thumb/v6-m/crtbegin.o
 *(.bss*)
 .bss.heap_end.5149
                0x00000000200000bc        0x4 Core/Src/sysmem.o
 .bss.__malloc_free_list
                0x00000000200000c0        0x4 /Applications/STM32CubeIDE.app/Contents/Eclipse/plugins/com.st.stm32cube.ide.mcu.externaltools.gnu-tools-for-stm32.7-2018-q2-update.macos64_1.0.0.201904181610/tools/bin/../lib/gcc/arm-none-eabi/7.3.1/../../../../arm-none-eabi/lib/thumb/v6-m/libc_nano.a(lib_a-nano-mallocr.o)
                0x00000000200000c0                __malloc_free_list
 .bss.__malloc_sbrk_start
                0x00000000200000c4        0x4 /Applications/STM32CubeIDE.app/Contents/Eclipse/plugins/com.st.stm32cube.ide.mcu.externaltools.gnu-tools-for-stm32.7-2018-q2-update.macos64_1.0.0.201904181610/tools/bin/../lib/gcc/arm-none-eabi/7.3.1/../../../../arm-none-eabi/lib/thumb/v6-m/libc_nano.a(lib_a-nano-mallocr.o)
                0x00000000200000c4                __malloc_sbrk_start
 *(COMMON)
 COMMON         0x00000000200000c8       0x20 Core/Src/epdif.o
                0x00000000200000c8                pins
 COMMON         0x00000000200000e8       0xe4 Core/Src/main.o
                0x00000000200000e8                huart1
                0x0000000020000168                hspi1
 COMMON         0x00000000200001cc        0x4 Drivers/STM32F0xx_HAL_Driver/Src/stm32f0xx_hal.o
                0x00000000200001cc                uwTick
 COMMON         0x00000000200001d0        0x4 /Applications/STM32CubeIDE.app/Contents/Eclipse/plugins/com.st.stm32cube.ide.mcu.externaltools.gnu-tools-for-stm32.7-2018-q2-update.macos64_1.0.0.201904181610/tools/bin/../lib/gcc/arm-none-eabi/7.3.1/../../../../arm-none-eabi/lib/thumb/v6-m/libc_nano.a(lib_a-reent.o)
                0x00000000200001d0                errno
                0x00000000200001d4                . = ALIGN (0x4)
                0x00000000200001d4                _ebss = .
                0x00000000200001d4                __bss_end__ = _ebss

._user_heap_stack
                0x00000000200001d4      0x604 load address 0x0000000008008a88
                0x00000000200001d8                . = ALIGN (0x8)
 *fill*         0x00000000200001d4        0x4 
                0x00000000200001d8                PROVIDE (end = .)
                [!provide]                        PROVIDE (_end = .)
                0x00000000200003d8                . = (. + _Min_Heap_Size)
 *fill*         0x00000000200001d8      0x200 
                0x00000000200007d8                . = (. + _Min_Stack_Size)
 *fill*         0x00000000200003d8      0x400 
                0x00000000200007d8                . = ALIGN (0x8)

/DISCARD/
 libc.a(*)
 libm.a(*)
 libgcc.a(*)

.ARM.attributes
                0x0000000000000000       0x28
 *(.ARM.attributes)
 .ARM.attributes
                0x0000000000000000       0x1e /Applications/STM32CubeIDE.app/Contents/Eclipse/plugins/com.st.stm32cube.ide.mcu.externaltools.gnu-tools-for-stm32.7-2018-q2-update.macos64_1.0.0.201904181610/tools/bin/../lib/gcc/arm-none-eabi/7.3.1/thumb/v6-m/crti.o
 .ARM.attributes
                0x000000000000001e       0x2c /Applications/STM32CubeIDE.app/Contents/Eclipse/plugins/com.st.stm32cube.ide.mcu.externaltools.gnu-tools-for-stm32.7-2018-q2-update.macos64_1.0.0.201904181610/tools/bin/../lib/gcc/arm-none-eabi/7.3.1/thumb/v6-m/crtbegin.o
 .ARM.attributes
                0x000000000000004a       0x31 Core/Src/epd2in7.o
 .ARM.attributes
                0x000000000000007b       0x31 Core/Src/epdif.o
 .ARM.attributes
                0x00000000000000ac       0x31 Core/Src/epdpaint.o
 .ARM.attributes
                0x00000000000000dd       0x31 Core/Src/font16.o
 .ARM.attributes
                0x000000000000010e       0x31 Core/Src/font20.o
 .ARM.attributes
                0x000000000000013f       0x31 Core/Src/imagedata.o
 .ARM.attributes
                0x0000000000000170       0x31 Core/Src/main.o
 .ARM.attributes
                0x00000000000001a1       0x31 Core/Src/stm32f0xx_hal_msp.o
 .ARM.attributes
                0x00000000000001d2       0x31 Core/Src/stm32f0xx_it.o
 .ARM.attributes
                0x0000000000000203       0x31 Core/Src/syscalls.o
 .ARM.attributes
                0x0000000000000234       0x31 Core/Src/sysmem.o
 .ARM.attributes
                0x0000000000000265       0x31 Core/Src/system_stm32f0xx.o
 .ARM.attributes
                0x0000000000000296       0x21 Core/Startup/startup_stm32f051r8tx.o
 .ARM.attributes
                0x00000000000002b7       0x31 Drivers/STM32F0xx_HAL_Driver/Src/stm32f0xx_hal.o
 .ARM.attributes
                0x00000000000002e8       0x31 Drivers/STM32F0xx_HAL_Driver/Src/stm32f0xx_hal_cortex.o
 .ARM.attributes
                0x0000000000000319       0x31 Drivers/STM32F0xx_HAL_Driver/Src/stm32f0xx_hal_gpio.o
 .ARM.attributes
                0x000000000000034a       0x31 Drivers/STM32F0xx_HAL_Driver/Src/stm32f0xx_hal_rcc.o
 .ARM.attributes
                0x000000000000037b       0x31 Drivers/STM32F0xx_HAL_Driver/Src/stm32f0xx_hal_rcc_ex.o
 .ARM.attributes
                0x00000000000003ac       0x31 Drivers/STM32F0xx_HAL_Driver/Src/stm32f0xx_hal_spi.o
 .ARM.attributes
                0x00000000000003dd       0x31 Drivers/STM32F0xx_HAL_Driver/Src/stm32f0xx_hal_uart.o
 .ARM.attributes
                0x000000000000040e       0x2c /Applications/STM32CubeIDE.app/Contents/Eclipse/plugins/com.st.stm32cube.ide.mcu.externaltools.gnu-tools-for-stm32.7-2018-q2-update.macos64_1.0.0.201904181610/tools/bin/../lib/gcc/arm-none-eabi/7.3.1/../../../../arm-none-eabi/lib/thumb/v6-m/libc_nano.a(lib_a-errno.o)
 .ARM.attributes
                0x000000000000043a       0x2c /Applications/STM32CubeIDE.app/Contents/Eclipse/plugins/com.st.stm32cube.ide.mcu.externaltools.gnu-tools-for-stm32.7-2018-q2-update.macos64_1.0.0.201904181610/tools/bin/../lib/gcc/arm-none-eabi/7.3.1/../../../../arm-none-eabi/lib/thumb/v6-m/libc_nano.a(lib_a-impure.o)
 .ARM.attributes
                0x0000000000000466       0x2c /Applications/STM32CubeIDE.app/Contents/Eclipse/plugins/com.st.stm32cube.ide.mcu.externaltools.gnu-tools-for-stm32.7-2018-q2-update.macos64_1.0.0.201904181610/tools/bin/../lib/gcc/arm-none-eabi/7.3.1/../../../../arm-none-eabi/lib/thumb/v6-m/libc_nano.a(lib_a-init.o)
 .ARM.attributes
                0x0000000000000492       0x2c /Applications/STM32CubeIDE.app/Contents/Eclipse/plugins/com.st.stm32cube.ide.mcu.externaltools.gnu-tools-for-stm32.7-2018-q2-update.macos64_1.0.0.201904181610/tools/bin/../lib/gcc/arm-none-eabi/7.3.1/../../../../arm-none-eabi/lib/thumb/v6-m/libc_nano.a(lib_a-malloc.o)
 .ARM.attributes
                0x00000000000004be       0x2c /Applications/STM32CubeIDE.app/Contents/Eclipse/plugins/com.st.stm32cube.ide.mcu.externaltools.gnu-tools-for-stm32.7-2018-q2-update.macos64_1.0.0.201904181610/tools/bin/../lib/gcc/arm-none-eabi/7.3.1/../../../../arm-none-eabi/lib/thumb/v6-m/libc_nano.a(lib_a-memset.o)
 .ARM.attributes
                0x00000000000004ea       0x2c /Applications/STM32CubeIDE.app/Contents/Eclipse/plugins/com.st.stm32cube.ide.mcu.externaltools.gnu-tools-for-stm32.7-2018-q2-update.macos64_1.0.0.201904181610/tools/bin/../lib/gcc/arm-none-eabi/7.3.1/../../../../arm-none-eabi/lib/thumb/v6-m/libc_nano.a(lib_a-nano-freer.o)
 .ARM.attributes
                0x0000000000000516       0x2c /Applications/STM32CubeIDE.app/Contents/Eclipse/plugins/com.st.stm32cube.ide.mcu.externaltools.gnu-tools-for-stm32.7-2018-q2-update.macos64_1.0.0.201904181610/tools/bin/../lib/gcc/arm-none-eabi/7.3.1/../../../../arm-none-eabi/lib/thumb/v6-m/libc_nano.a(lib_a-nano-mallocr.o)
 .ARM.attributes
                0x0000000000000542       0x2c /Applications/STM32CubeIDE.app/Contents/Eclipse/plugins/com.st.stm32cube.ide.mcu.externaltools.gnu-tools-for-stm32.7-2018-q2-update.macos64_1.0.0.201904181610/tools/bin/../lib/gcc/arm-none-eabi/7.3.1/../../../../arm-none-eabi/lib/thumb/v6-m/libc_nano.a(lib_a-puts.o)
 .ARM.attributes
                0x000000000000056e       0x2c /Applications/STM32CubeIDE.app/Contents/Eclipse/plugins/com.st.stm32cube.ide.mcu.externaltools.gnu-tools-for-stm32.7-2018-q2-update.macos64_1.0.0.201904181610/tools/bin/../lib/gcc/arm-none-eabi/7.3.1/../../../../arm-none-eabi/lib/thumb/v6-m/libc_nano.a(lib_a-sbrkr.o)
 .ARM.attributes
                0x000000000000059a       0x2c /Applications/STM32CubeIDE.app/Contents/Eclipse/plugins/com.st.stm32cube.ide.mcu.externaltools.gnu-tools-for-stm32.7-2018-q2-update.macos64_1.0.0.201904181610/tools/bin/../lib/gcc/arm-none-eabi/7.3.1/../../../../arm-none-eabi/lib/thumb/v6-m/libc_nano.a(lib_a-wbuf.o)
 .ARM.attributes
                0x00000000000005c6       0x2c /Applications/STM32CubeIDE.app/Contents/Eclipse/plugins/com.st.stm32cube.ide.mcu.externaltools.gnu-tools-for-stm32.7-2018-q2-update.macos64_1.0.0.201904181610/tools/bin/../lib/gcc/arm-none-eabi/7.3.1/../../../../arm-none-eabi/lib/thumb/v6-m/libc_nano.a(lib_a-wsetup.o)
 .ARM.attributes
                0x00000000000005f2       0x2c /Applications/STM32CubeIDE.app/Contents/Eclipse/plugins/com.st.stm32cube.ide.mcu.externaltools.gnu-tools-for-stm32.7-2018-q2-update.macos64_1.0.0.201904181610/tools/bin/../lib/gcc/arm-none-eabi/7.3.1/../../../../arm-none-eabi/lib/thumb/v6-m/libc_nano.a(lib_a-fflush.o)
 .ARM.attributes
                0x000000000000061e       0x2c /Applications/STM32CubeIDE.app/Contents/Eclipse/plugins/com.st.stm32cube.ide.mcu.externaltools.gnu-tools-for-stm32.7-2018-q2-update.macos64_1.0.0.201904181610/tools/bin/../lib/gcc/arm-none-eabi/7.3.1/../../../../arm-none-eabi/lib/thumb/v6-m/libc_nano.a(lib_a-findfp.o)
 .ARM.attributes
                0x000000000000064a       0x2c /Applications/STM32CubeIDE.app/Contents/Eclipse/plugins/com.st.stm32cube.ide.mcu.externaltools.gnu-tools-for-stm32.7-2018-q2-update.macos64_1.0.0.201904181610/tools/bin/../lib/gcc/arm-none-eabi/7.3.1/../../../../arm-none-eabi/lib/thumb/v6-m/libc_nano.a(lib_a-fwalk.o)
 .ARM.attributes
                0x0000000000000676       0x2c /Applications/STM32CubeIDE.app/Contents/Eclipse/plugins/com.st.stm32cube.ide.mcu.externaltools.gnu-tools-for-stm32.7-2018-q2-update.macos64_1.0.0.201904181610/tools/bin/../lib/gcc/arm-none-eabi/7.3.1/../../../../arm-none-eabi/lib/thumb/v6-m/libc_nano.a(lib_a-makebuf.o)
 .ARM.attributes
                0x00000000000006a2       0x2c /Applications/STM32CubeIDE.app/Contents/Eclipse/plugins/com.st.stm32cube.ide.mcu.externaltools.gnu-tools-for-stm32.7-2018-q2-update.macos64_1.0.0.201904181610/tools/bin/../lib/gcc/arm-none-eabi/7.3.1/../../../../arm-none-eabi/lib/thumb/v6-m/libc_nano.a(lib_a-mlock.o)
 .ARM.attributes
                0x00000000000006ce       0x2c /Applications/STM32CubeIDE.app/Contents/Eclipse/plugins/com.st.stm32cube.ide.mcu.externaltools.gnu-tools-for-stm32.7-2018-q2-update.macos64_1.0.0.201904181610/tools/bin/../lib/gcc/arm-none-eabi/7.3.1/../../../../arm-none-eabi/lib/thumb/v6-m/libc_nano.a(lib_a-reent.o)
 .ARM.attributes
                0x00000000000006fa       0x2c /Applications/STM32CubeIDE.app/Contents/Eclipse/plugins/com.st.stm32cube.ide.mcu.externaltools.gnu-tools-for-stm32.7-2018-q2-update.macos64_1.0.0.201904181610/tools/bin/../lib/gcc/arm-none-eabi/7.3.1/../../../../arm-none-eabi/lib/thumb/v6-m/libc_nano.a(lib_a-stdio.o)
 .ARM.attributes
                0x0000000000000726       0x2c /Applications/STM32CubeIDE.app/Contents/Eclipse/plugins/com.st.stm32cube.ide.mcu.externaltools.gnu-tools-for-stm32.7-2018-q2-update.macos64_1.0.0.201904181610/tools/bin/../lib/gcc/arm-none-eabi/7.3.1/../../../../arm-none-eabi/lib/thumb/v6-m/libc_nano.a(lib_a-writer.o)
 .ARM.attributes
                0x0000000000000752       0x2c /Applications/STM32CubeIDE.app/Contents/Eclipse/plugins/com.st.stm32cube.ide.mcu.externaltools.gnu-tools-for-stm32.7-2018-q2-update.macos64_1.0.0.201904181610/tools/bin/../lib/gcc/arm-none-eabi/7.3.1/../../../../arm-none-eabi/lib/thumb/v6-m/libc_nano.a(lib_a-closer.o)
 .ARM.attributes
                0x000000000000077e       0x2c /Applications/STM32CubeIDE.app/Contents/Eclipse/plugins/com.st.stm32cube.ide.mcu.externaltools.gnu-tools-for-stm32.7-2018-q2-update.macos64_1.0.0.201904181610/tools/bin/../lib/gcc/arm-none-eabi/7.3.1/../../../../arm-none-eabi/lib/thumb/v6-m/libc_nano.a(lib_a-fstatr.o)
 .ARM.attributes
                0x00000000000007aa       0x2c /Applications/STM32CubeIDE.app/Contents/Eclipse/plugins/com.st.stm32cube.ide.mcu.externaltools.gnu-tools-for-stm32.7-2018-q2-update.macos64_1.0.0.201904181610/tools/bin/../lib/gcc/arm-none-eabi/7.3.1/../../../../arm-none-eabi/lib/thumb/v6-m/libc_nano.a(lib_a-isattyr.o)
 .ARM.attributes
                0x00000000000007d6       0x2c /Applications/STM32CubeIDE.app/Contents/Eclipse/plugins/com.st.stm32cube.ide.mcu.externaltools.gnu-tools-for-stm32.7-2018-q2-update.macos64_1.0.0.201904181610/tools/bin/../lib/gcc/arm-none-eabi/7.3.1/../../../../arm-none-eabi/lib/thumb/v6-m/libc_nano.a(lib_a-lseekr.o)
 .ARM.attributes
                0x0000000000000802       0x2c /Applications/STM32CubeIDE.app/Contents/Eclipse/plugins/com.st.stm32cube.ide.mcu.externaltools.gnu-tools-for-stm32.7-2018-q2-update.macos64_1.0.0.201904181610/tools/bin/../lib/gcc/arm-none-eabi/7.3.1/../../../../arm-none-eabi/lib/thumb/v6-m/libc_nano.a(lib_a-readr.o)
 .ARM.attributes
                0x000000000000082e       0x1e /Applications/STM32CubeIDE.app/Contents/Eclipse/plugins/com.st.stm32cube.ide.mcu.externaltools.gnu-tools-for-stm32.7-2018-q2-update.macos64_1.0.0.201904181610/tools/bin/../lib/gcc/arm-none-eabi/7.3.1/thumb/v6-m/libgcc.a(_udivsi3.o)
 .ARM.attributes
                0x000000000000084c       0x1e /Applications/STM32CubeIDE.app/Contents/Eclipse/plugins/com.st.stm32cube.ide.mcu.externaltools.gnu-tools-for-stm32.7-2018-q2-update.macos64_1.0.0.201904181610/tools/bin/../lib/gcc/arm-none-eabi/7.3.1/thumb/v6-m/libgcc.a(_dvmd_tls.o)
 .ARM.attributes
                0x000000000000086a       0x1e /Applications/STM32CubeIDE.app/Contents/Eclipse/plugins/com.st.stm32cube.ide.mcu.externaltools.gnu-tools-for-stm32.7-2018-q2-update.macos64_1.0.0.201904181610/tools/bin/../lib/gcc/arm-none-eabi/7.3.1/thumb/v6-m/crtn.o
OUTPUT(TEST_SCREEN_2.elf elf32-littlearm)

.debug_info     0x0000000000000000     0xad56
 .debug_info    0x0000000000000000      0xd22 Core/Src/epd2in7.o
 .debug_info    0x0000000000000d22      0x80c Core/Src/epdif.o
 .debug_info    0x000000000000152e      0x925 Core/Src/epdpaint.o
 .debug_info    0x0000000000001e53      0x147 Core/Src/font16.o
 .debug_info    0x0000000000001f9a      0x147 Core/Src/font20.o
 .debug_info    0x00000000000020e1       0xa7 Core/Src/imagedata.o
 .debug_info    0x0000000000002188     0x1789 Core/Src/main.o
 .debug_info    0x0000000000003911      0xc16 Core/Src/stm32f0xx_hal_msp.o
 .debug_info    0x0000000000004527      0x1a2 Core/Src/stm32f0xx_it.o
 .debug_info    0x00000000000046c9      0xebd Core/Src/syscalls.o
 .debug_info    0x0000000000005586      0x91c Core/Src/sysmem.o
 .debug_info    0x0000000000005ea2      0x29e Core/Src/system_stm32f0xx.o
 .debug_info    0x0000000000006140       0x22 Core/Startup/startup_stm32f051r8tx.o
 .debug_info    0x0000000000006162      0x6a8 Drivers/STM32F0xx_HAL_Driver/Src/stm32f0xx_hal.o
 .debug_info    0x000000000000680a      0x77a Drivers/STM32F0xx_HAL_Driver/Src/stm32f0xx_hal_cortex.o
 .debug_info    0x0000000000006f84      0x673 Drivers/STM32F0xx_HAL_Driver/Src/stm32f0xx_hal_gpio.o
 .debug_info    0x00000000000075f7      0x821 Drivers/STM32F0xx_HAL_Driver/Src/stm32f0xx_hal_rcc.o
 .debug_info    0x0000000000007e18      0x3d8 Drivers/STM32F0xx_HAL_Driver/Src/stm32f0xx_hal_rcc_ex.o
 .debug_info    0x00000000000081f0     0x15f9 Drivers/STM32F0xx_HAL_Driver/Src/stm32f0xx_hal_spi.o
 .debug_info    0x00000000000097e9     0x156d Drivers/STM32F0xx_HAL_Driver/Src/stm32f0xx_hal_uart.o

.debug_abbrev   0x0000000000000000     0x1f0a
 .debug_abbrev  0x0000000000000000      0x23c Core/Src/epd2in7.o
 .debug_abbrev  0x000000000000023c      0x1b0 Core/Src/epdif.o
 .debug_abbrev  0x00000000000003ec      0x17c Core/Src/epdpaint.o
 .debug_abbrev  0x0000000000000568       0xa5 Core/Src/font16.o
 .debug_abbrev  0x000000000000060d       0xa5 Core/Src/font20.o
 .debug_abbrev  0x00000000000006b2       0x5c Core/Src/imagedata.o
 .debug_abbrev  0x000000000000070e      0x26c Core/Src/main.o
 .debug_abbrev  0x000000000000097a      0x18c Core/Src/stm32f0xx_hal_msp.o
 .debug_abbrev  0x0000000000000b06       0xc6 Core/Src/stm32f0xx_it.o
 .debug_abbrev  0x0000000000000bcc      0x261 Core/Src/syscalls.o
 .debug_abbrev  0x0000000000000e2d      0x1bb Core/Src/sysmem.o
 .debug_abbrev  0x0000000000000fe8      0x12b Core/Src/system_stm32f0xx.o
 .debug_abbrev  0x0000000000001113       0x12 Core/Startup/startup_stm32f051r8tx.o
 .debug_abbrev  0x0000000000001125      0x1f2 Drivers/STM32F0xx_HAL_Driver/Src/stm32f0xx_hal.o
 .debug_abbrev  0x0000000000001317      0x273 Drivers/STM32F0xx_HAL_Driver/Src/stm32f0xx_hal_cortex.o
 .debug_abbrev  0x000000000000158a      0x1c0 Drivers/STM32F0xx_HAL_Driver/Src/stm32f0xx_hal_gpio.o
 .debug_abbrev  0x000000000000174a      0x20f Drivers/STM32F0xx_HAL_Driver/Src/stm32f0xx_hal_rcc.o
 .debug_abbrev  0x0000000000001959      0x175 Drivers/STM32F0xx_HAL_Driver/Src/stm32f0xx_hal_rcc_ex.o
 .debug_abbrev  0x0000000000001ace      0x228 Drivers/STM32F0xx_HAL_Driver/Src/stm32f0xx_hal_spi.o
 .debug_abbrev  0x0000000000001cf6      0x214 Drivers/STM32F0xx_HAL_Driver/Src/stm32f0xx_hal_uart.o

.debug_aranges  0x0000000000000000      0xa08
 .debug_aranges
                0x0000000000000000       0x70 Core/Src/epd2in7.o
 .debug_aranges
                0x0000000000000070       0x40 Core/Src/epdif.o
 .debug_aranges
                0x00000000000000b0       0xb8 Core/Src/epdpaint.o
 .debug_aranges
                0x0000000000000168       0x18 Core/Src/font16.o
 .debug_aranges
                0x0000000000000180       0x18 Core/Src/font20.o
 .debug_aranges
                0x0000000000000198       0x18 Core/Src/imagedata.o
 .debug_aranges
                0x00000000000001b0       0x40 Core/Src/main.o
 .debug_aranges
                0x00000000000001f0       0x40 Core/Src/stm32f0xx_hal_msp.o
 .debug_aranges
                0x0000000000000230       0x40 Core/Src/stm32f0xx_it.o
 .debug_aranges
                0x0000000000000270       0xa8 Core/Src/syscalls.o
 .debug_aranges
                0x0000000000000318       0x20 Core/Src/sysmem.o
 .debug_aranges
                0x0000000000000338       0x28 Core/Src/system_stm32f0xx.o
 .debug_aranges
                0x0000000000000360       0x28 Core/Startup/startup_stm32f051r8tx.o
 .debug_aranges
                0x0000000000000388       0xd0 Drivers/STM32F0xx_HAL_Driver/Src/stm32f0xx_hal.o
 .debug_aranges
                0x0000000000000458       0xc0 Drivers/STM32F0xx_HAL_Driver/Src/stm32f0xx_hal_cortex.o
 .debug_aranges
                0x0000000000000518       0x58 Drivers/STM32F0xx_HAL_Driver/Src/stm32f0xx_hal_gpio.o
 .debug_aranges
                0x0000000000000570       0x80 Drivers/STM32F0xx_HAL_Driver/Src/stm32f0xx_hal_rcc.o
 .debug_aranges
                0x00000000000005f0       0x30 Drivers/STM32F0xx_HAL_Driver/Src/stm32f0xx_hal_rcc_ex.o
 .debug_aranges
                0x0000000000000620      0x1d8 Drivers/STM32F0xx_HAL_Driver/Src/stm32f0xx_hal_spi.o
 .debug_aranges
                0x00000000000007f8      0x210 Drivers/STM32F0xx_HAL_Driver/Src/stm32f0xx_hal_uart.o

.debug_ranges   0x0000000000000000      0x8b8
 .debug_ranges  0x0000000000000000       0x60 Core/Src/epd2in7.o
 .debug_ranges  0x0000000000000060       0x30 Core/Src/epdif.o
 .debug_ranges  0x0000000000000090       0xa8 Core/Src/epdpaint.o
 .debug_ranges  0x0000000000000138       0x30 Core/Src/main.o
 .debug_ranges  0x0000000000000168       0x30 Core/Src/stm32f0xx_hal_msp.o
 .debug_ranges  0x0000000000000198       0x30 Core/Src/stm32f0xx_it.o
 .debug_ranges  0x00000000000001c8       0x98 Core/Src/syscalls.o
 .debug_ranges  0x0000000000000260       0x10 Core/Src/sysmem.o
 .debug_ranges  0x0000000000000270       0x18 Core/Src/system_stm32f0xx.o
 .debug_ranges  0x0000000000000288       0x20 Core/Startup/startup_stm32f051r8tx.o
 .debug_ranges  0x00000000000002a8       0xc0 Drivers/STM32F0xx_HAL_Driver/Src/stm32f0xx_hal.o
 .debug_ranges  0x0000000000000368       0xb0 Drivers/STM32F0xx_HAL_Driver/Src/stm32f0xx_hal_cortex.o
 .debug_ranges  0x0000000000000418       0x48 Drivers/STM32F0xx_HAL_Driver/Src/stm32f0xx_hal_gpio.o
 .debug_ranges  0x0000000000000460       0x70 Drivers/STM32F0xx_HAL_Driver/Src/stm32f0xx_hal_rcc.o
 .debug_ranges  0x00000000000004d0       0x20 Drivers/STM32F0xx_HAL_Driver/Src/stm32f0xx_hal_rcc_ex.o
 .debug_ranges  0x00000000000004f0      0x1c8 Drivers/STM32F0xx_HAL_Driver/Src/stm32f0xx_hal_spi.o
 .debug_ranges  0x00000000000006b8      0x200 Drivers/STM32F0xx_HAL_Driver/Src/stm32f0xx_hal_uart.o

.debug_macro    0x0000000000000000    0x10119
 .debug_macro   0x0000000000000000      0x29a Core/Src/epd2in7.o
 .debug_macro   0x000000000000029a      0xa48 Core/Src/epd2in7.o
 .debug_macro   0x0000000000000ce2       0x18 Core/Src/epd2in7.o
 .debug_macro   0x0000000000000cfa       0x22 Core/Src/epd2in7.o
 .debug_macro   0x0000000000000d1c       0x40 Core/Src/epd2in7.o
 .debug_macro   0x0000000000000d5c       0x94 Core/Src/epd2in7.o
 .debug_macro   0x0000000000000df0       0x3c Core/Src/epd2in7.o
 .debug_macro   0x0000000000000e2c       0x34 Core/Src/epd2in7.o
 .debug_macro   0x0000000000000e60       0x16 Core/Src/epd2in7.o
 .debug_macro   0x0000000000000e76      0x10e Core/Src/epd2in7.o
 .debug_macro   0x0000000000000f84       0x8d Core/Src/epd2in7.o
 .debug_macro   0x0000000000001011       0x57 Core/Src/epd2in7.o
 .debug_macro   0x0000000000001068       0x52 Core/Src/epd2in7.o
 .debug_macro   0x00000000000010ba       0x1f Core/Src/epd2in7.o
 .debug_macro   0x00000000000010d9       0x43 Core/Src/epd2in7.o
 .debug_macro   0x000000000000111c       0x20 Core/Src/epd2in7.o
 .debug_macro   0x000000000000113c      0x1a3 Core/Src/epd2in7.o
 .debug_macro   0x00000000000012df      0x330 Core/Src/epd2in7.o
 .debug_macro   0x000000000000160f       0x16 Core/Src/epd2in7.o
 .debug_macro   0x0000000000001625       0x29 Core/Src/epd2in7.o
 .debug_macro   0x000000000000164e       0x1c Core/Src/epd2in7.o
 .debug_macro   0x000000000000166a       0xef Core/Src/epd2in7.o
 .debug_macro   0x0000000000001759       0x6a Core/Src/epd2in7.o
 .debug_macro   0x00000000000017c3      0x1df Core/Src/epd2in7.o
 .debug_macro   0x00000000000019a2       0xee Core/Src/epd2in7.o
 .debug_macro   0x0000000000001a90      0x133 Core/Src/epd2in7.o
 .debug_macro   0x0000000000001bc3       0x2e Core/Src/epd2in7.o
 .debug_macro   0x0000000000001bf1       0x22 Core/Src/epd2in7.o
 .debug_macro   0x0000000000001c13       0x1c Core/Src/epd2in7.o
 .debug_macro   0x0000000000001c2f       0x22 Core/Src/epd2in7.o
 .debug_macro   0x0000000000001c51       0xaf Core/Src/epd2in7.o
 .debug_macro   0x0000000000001d00      0x391 Core/Src/epd2in7.o
 .debug_macro   0x0000000000002091     0x8cdd Core/Src/epd2in7.o
 .debug_macro   0x000000000000ad6e       0x3c Core/Src/epd2in7.o
 .debug_macro   0x000000000000adaa       0x4d Core/Src/epd2in7.o
 .debug_macro   0x000000000000adf7      0x924 Core/Src/epd2in7.o
 .debug_macro   0x000000000000b71b      0x251 Core/Src/epd2in7.o
 .debug_macro   0x000000000000b96c      0x12f Core/Src/epd2in7.o
 .debug_macro   0x000000000000ba9b      0x114 Core/Src/epd2in7.o
 .debug_macro   0x000000000000bbaf      0x1a0 Core/Src/epd2in7.o
 .debug_macro   0x000000000000bd4f      0x1ed Core/Src/epd2in7.o
 .debug_macro   0x000000000000bf3c       0x34 Core/Src/epd2in7.o
 .debug_macro   0x000000000000bf70       0x43 Core/Src/epd2in7.o
 .debug_macro   0x000000000000bfb3       0x28 Core/Src/epd2in7.o
 .debug_macro   0x000000000000bfdb       0xb0 Core/Src/epd2in7.o
 .debug_macro   0x000000000000c08b      0x199 Core/Src/epd2in7.o
 .debug_macro   0x000000000000c224      0x22c Core/Src/epd2in7.o
 .debug_macro   0x000000000000c450       0x5f Core/Src/epd2in7.o
 .debug_macro   0x000000000000c4af       0xa5 Core/Src/epd2in7.o
 .debug_macro   0x000000000000c554       0x4c Core/Src/epd2in7.o
 .debug_macro   0x000000000000c5a0      0x112 Core/Src/epd2in7.o
 .debug_macro   0x000000000000c6b2      0x305 Core/Src/epd2in7.o
 .debug_macro   0x000000000000c9b7      0x589 Core/Src/epd2in7.o
 .debug_macro   0x000000000000cf40       0x3e Core/Src/epd2in7.o
 .debug_macro   0x000000000000cf7e      0x114 Core/Src/epd2in7.o
 .debug_macro   0x000000000000d092       0x28 Core/Src/epd2in7.o
 .debug_macro   0x000000000000d0ba      0x1d2 Core/Src/epdif.o
 .debug_macro   0x000000000000d28c       0x8e Core/Src/epdif.o
 .debug_macro   0x000000000000d31a       0x51 Core/Src/epdif.o
 .debug_macro   0x000000000000d36b       0xb5 Core/Src/epdif.o
 .debug_macro   0x000000000000d420      0x174 Core/Src/epdif.o
 .debug_macro   0x000000000000d594       0x53 Core/Src/epdif.o
 .debug_macro   0x000000000000d5e7       0x82 Core/Src/epdif.o
 .debug_macro   0x000000000000d669       0x75 Core/Src/epdpaint.o
 .debug_macro   0x000000000000d6de       0x28 Core/Src/epdpaint.o
 .debug_macro   0x000000000000d706       0x6c Core/Src/font16.o
 .debug_macro   0x000000000000d772       0x6c Core/Src/font20.o
 .debug_macro   0x000000000000d7de       0x15 Core/Src/imagedata.o
 .debug_macro   0x000000000000d7f3      0x2c2 Core/Src/main.o
 .debug_macro   0x000000000000dab5       0x7c Core/Src/main.o
 .debug_macro   0x000000000000db31       0x2e Core/Src/main.o
 .debug_macro   0x000000000000db5f       0x46 Core/Src/main.o
 .debug_macro   0x000000000000dba5       0x35 Core/Src/main.o
 .debug_macro   0x000000000000dbda      0x32a Core/Src/main.o
 .debug_macro   0x000000000000df04      0x1c9 Core/Src/stm32f0xx_hal_msp.o
 .debug_macro   0x000000000000e0cd      0x1d3 Core/Src/stm32f0xx_it.o
 .debug_macro   0x000000000000e2a0      0x243 Core/Src/syscalls.o
 .debug_macro   0x000000000000e4e3       0x10 Core/Src/syscalls.o
 .debug_macro   0x000000000000e4f3       0x10 Core/Src/syscalls.o
 .debug_macro   0x000000000000e503       0x10 Core/Src/syscalls.o
 .debug_macro   0x000000000000e513       0x10 Core/Src/syscalls.o
 .debug_macro   0x000000000000e523       0x1c Core/Src/syscalls.o
 .debug_macro   0x000000000000e53f       0x52 Core/Src/syscalls.o
 .debug_macro   0x000000000000e591       0x40 Core/Src/syscalls.o
 .debug_macro   0x000000000000e5d1       0x10 Core/Src/syscalls.o
 .debug_macro   0x000000000000e5e1       0x40 Core/Src/syscalls.o
 .debug_macro   0x000000000000e621       0xd7 Core/Src/syscalls.o
 .debug_macro   0x000000000000e6f8       0x1c Core/Src/syscalls.o
 .debug_macro   0x000000000000e714       0x3d Core/Src/syscalls.o
 .debug_macro   0x000000000000e751       0x35 Core/Src/syscalls.o
 .debug_macro   0x000000000000e786      0x122 Core/Src/syscalls.o
 .debug_macro   0x000000000000e8a8       0x10 Core/Src/syscalls.o
 .debug_macro   0x000000000000e8b8      0x241 Core/Src/syscalls.o
 .debug_macro   0x000000000000eaf9       0x1c Core/Src/syscalls.o
 .debug_macro   0x000000000000eb15       0x10 Core/Src/syscalls.o
 .debug_macro   0x000000000000eb25       0x10 Core/Src/syscalls.o
 .debug_macro   0x000000000000eb35       0x16 Core/Src/syscalls.o
 .debug_macro   0x000000000000eb4b      0x145 Core/Src/syscalls.o
 .debug_macro   0x000000000000ec90      0x189 Core/Src/syscalls.o
 .debug_macro   0x000000000000ee19       0x16 Core/Src/syscalls.o
 .debug_macro   0x000000000000ee2f       0x88 Core/Src/syscalls.o
 .debug_macro   0x000000000000eeb7      0x1ae Core/Src/sysmem.o
 .debug_macro   0x000000000000f065      0x23b Core/Src/sysmem.o
 .debug_macro   0x000000000000f2a0       0x16 Core/Src/sysmem.o
 .debug_macro   0x000000000000f2b6      0x1ba Core/Src/system_stm32f0xx.o
 .debug_macro   0x000000000000f470      0x1de Drivers/STM32F0xx_HAL_Driver/Src/stm32f0xx_hal.o
 .debug_macro   0x000000000000f64e      0x1ba Drivers/STM32F0xx_HAL_Driver/Src/stm32f0xx_hal_cortex.o
 .debug_macro   0x000000000000f808      0x1f2 Drivers/STM32F0xx_HAL_Driver/Src/stm32f0xx_hal_gpio.o
 .debug_macro   0x000000000000f9fa      0x1cc Drivers/STM32F0xx_HAL_Driver/Src/stm32f0xx_hal_rcc.o
 .debug_macro   0x000000000000fbc6      0x1ba Drivers/STM32F0xx_HAL_Driver/Src/stm32f0xx_hal_rcc_ex.o
 .debug_macro   0x000000000000fd80      0x1c2 Drivers/STM32F0xx_HAL_Driver/Src/stm32f0xx_hal_spi.o
 .debug_macro   0x000000000000ff42      0x1d7 Drivers/STM32F0xx_HAL_Driver/Src/stm32f0xx_hal_uart.o

.debug_line     0x0000000000000000     0x98cb
 .debug_line    0x0000000000000000      0x9b5 Core/Src/epd2in7.o
 .debug_line    0x00000000000009b5      0x723 Core/Src/epdif.o
 .debug_line    0x00000000000010d8      0x6e6 Core/Src/epdpaint.o
 .debug_line    0x00000000000017be      0x3b8 Core/Src/font16.o
 .debug_line    0x0000000000001b76      0x3b8 Core/Src/font20.o
 .debug_line    0x0000000000001f2e       0x4e Core/Src/imagedata.o
 .debug_line    0x0000000000001f7c      0x921 Core/Src/main.o
 .debug_line    0x000000000000289d      0x732 Core/Src/stm32f0xx_hal_msp.o
 .debug_line    0x0000000000002fcf      0x720 Core/Src/stm32f0xx_it.o
 .debug_line    0x00000000000036ef      0x77e Core/Src/syscalls.o
 .debug_line    0x0000000000003e6d      0x59a Core/Src/sysmem.o
 .debug_line    0x0000000000004407      0x6e6 Core/Src/system_stm32f0xx.o
 .debug_line    0x0000000000004aed       0x89 Core/Startup/startup_stm32f051r8tx.o
 .debug_line    0x0000000000004b76      0x882 Drivers/STM32F0xx_HAL_Driver/Src/stm32f0xx_hal.o
 .debug_line    0x00000000000053f8      0x89a Drivers/STM32F0xx_HAL_Driver/Src/stm32f0xx_hal_cortex.o
 .debug_line    0x0000000000005c92      0x847 Drivers/STM32F0xx_HAL_Driver/Src/stm32f0xx_hal_gpio.o
 .debug_line    0x00000000000064d9      0x943 Drivers/STM32F0xx_HAL_Driver/Src/stm32f0xx_hal_rcc.o
 .debug_line    0x0000000000006e1c      0x7c1 Drivers/STM32F0xx_HAL_Driver/Src/stm32f0xx_hal_rcc_ex.o
 .debug_line    0x00000000000075dd     0x116b Drivers/STM32F0xx_HAL_Driver/Src/stm32f0xx_hal_spi.o
 .debug_line    0x0000000000008748     0x1183 Drivers/STM32F0xx_HAL_Driver/Src/stm32f0xx_hal_uart.o

.debug_str      0x0000000000000000    0x544a3
 .debug_str     0x0000000000000000    0x4f940 Core/Src/epd2in7.o
                                      0x4fc37 (size before relaxing)
 .debug_str     0x000000000004f940      0x648 Core/Src/epdif.o
                                      0x4cd7e (size before relaxing)
 .debug_str     0x000000000004ff88      0x276 Core/Src/epdpaint.o
                                       0x3e68 (size before relaxing)
 .debug_str     0x00000000000501fe       0x22 Core/Src/font16.o
                                       0x3c02 (size before relaxing)
 .debug_str     0x0000000000050220       0x22 Core/Src/font20.o
                                       0x3c02 (size before relaxing)
 .debug_str     0x0000000000050242       0x52 Core/Src/imagedata.o
                                       0x2ca3 (size before relaxing)
 .debug_str     0x0000000000050294      0x450 Core/Src/main.o
                                      0x5064b (size before relaxing)
 .debug_str     0x00000000000506e4       0x7d Core/Src/stm32f0xx_hal_msp.o
                                      0x4cee3 (size before relaxing)
 .debug_str     0x0000000000050761       0x76 Core/Src/stm32f0xx_it.o
                                      0x4c8a6 (size before relaxing)
 .debug_str     0x00000000000507d7     0x22bd Core/Src/syscalls.o
                                       0x87f0 (size before relaxing)
 .debug_str     0x0000000000052a94       0x36 Core/Src/sysmem.o
                                       0x7a49 (size before relaxing)
 .debug_str     0x0000000000052aca       0x5f Core/Src/system_stm32f0xx.o
                                      0x4c742 (size before relaxing)
 .debug_str     0x0000000000052b29       0x36 Core/Startup/startup_stm32f051r8tx.o
                                         0x74 (size before relaxing)
 .debug_str     0x0000000000052b5f      0x4de Drivers/STM32F0xx_HAL_Driver/Src/stm32f0xx_hal.o
                                      0x4cc80 (size before relaxing)
 .debug_str     0x000000000005303d      0x20c Drivers/STM32F0xx_HAL_Driver/Src/stm32f0xx_hal_cortex.o
                                      0x4cb34 (size before relaxing)
 .debug_str     0x0000000000053249      0x20e Drivers/STM32F0xx_HAL_Driver/Src/stm32f0xx_hal_gpio.o
                                      0x4c9de (size before relaxing)
 .debug_str     0x0000000000053457      0x254 Drivers/STM32F0xx_HAL_Driver/Src/stm32f0xx_hal_rcc.o
                                      0x4cb4c (size before relaxing)
 .debug_str     0x00000000000536ab       0xb1 Drivers/STM32F0xx_HAL_Driver/Src/stm32f0xx_hal_rcc_ex.o
                                      0x4c890 (size before relaxing)
 .debug_str     0x000000000005375c      0x57c Drivers/STM32F0xx_HAL_Driver/Src/stm32f0xx_hal_spi.o
                                      0x4d07b (size before relaxing)
 .debug_str     0x0000000000053cd8      0x7cb Drivers/STM32F0xx_HAL_Driver/Src/stm32f0xx_hal_uart.o
                                      0x4d357 (size before relaxing)

.comment        0x0000000000000000       0x7b
 .comment       0x0000000000000000       0x7b Core/Src/epd2in7.o
                                         0x7c (size before relaxing)
 .comment       0x000000000000007b       0x7c Core/Src/epdif.o
 .comment       0x000000000000007b       0x7c Core/Src/epdpaint.o
 .comment       0x000000000000007b       0x7c Core/Src/font16.o
 .comment       0x000000000000007b       0x7c Core/Src/font20.o
 .comment       0x000000000000007b       0x7c Core/Src/imagedata.o
 .comment       0x000000000000007b       0x7c Core/Src/main.o
 .comment       0x000000000000007b       0x7c Core/Src/stm32f0xx_hal_msp.o
 .comment       0x000000000000007b       0x7c Core/Src/stm32f0xx_it.o
 .comment       0x000000000000007b       0x7c Core/Src/syscalls.o
 .comment       0x000000000000007b       0x7c Core/Src/sysmem.o
 .comment       0x000000000000007b       0x7c Core/Src/system_stm32f0xx.o
 .comment       0x000000000000007b       0x7c Drivers/STM32F0xx_HAL_Driver/Src/stm32f0xx_hal.o
 .comment       0x000000000000007b       0x7c Drivers/STM32F0xx_HAL_Driver/Src/stm32f0xx_hal_cortex.o
 .comment       0x000000000000007b       0x7c Drivers/STM32F0xx_HAL_Driver/Src/stm32f0xx_hal_gpio.o
 .comment       0x000000000000007b       0x7c Drivers/STM32F0xx_HAL_Driver/Src/stm32f0xx_hal_rcc.o
 .comment       0x000000000000007b       0x7c Drivers/STM32F0xx_HAL_Driver/Src/stm32f0xx_hal_rcc_ex.o
 .comment       0x000000000000007b       0x7c Drivers/STM32F0xx_HAL_Driver/Src/stm32f0xx_hal_spi.o
 .comment       0x000000000000007b       0x7c Drivers/STM32F0xx_HAL_Driver/Src/stm32f0xx_hal_uart.o

.debug_frame    0x0000000000000000     0x272c
 .debug_frame   0x0000000000000000      0x170 Core/Src/epd2in7.o
 .debug_frame   0x0000000000000170       0xac Core/Src/epdif.o
 .debug_frame   0x000000000000021c      0x290 Core/Src/epdpaint.o
 .debug_frame   0x00000000000004ac       0xac Core/Src/main.o
 .debug_frame   0x0000000000000558       0xb0 Core/Src/stm32f0xx_hal_msp.o
 .debug_frame   0x0000000000000608       0x9c Core/Src/stm32f0xx_it.o
 .debug_frame   0x00000000000006a4      0x244 Core/Src/syscalls.o
 .debug_frame   0x00000000000008e8       0x30 Core/Src/sysmem.o
 .debug_frame   0x0000000000000918       0x4c Core/Src/system_stm32f0xx.o
 .debug_frame   0x0000000000000964      0x2a4 Drivers/STM32F0xx_HAL_Driver/Src/stm32f0xx_hal.o
 .debug_frame   0x0000000000000c08      0x2a0 Drivers/STM32F0xx_HAL_Driver/Src/stm32f0xx_hal_cortex.o
 .debug_frame   0x0000000000000ea8      0x110 Drivers/STM32F0xx_HAL_Driver/Src/stm32f0xx_hal_gpio.o
 .debug_frame   0x0000000000000fb8      0x198 Drivers/STM32F0xx_HAL_Driver/Src/stm32f0xx_hal_rcc.o
 .debug_frame   0x0000000000001150       0x70 Drivers/STM32F0xx_HAL_Driver/Src/stm32f0xx_hal_rcc_ex.o
 .debug_frame   0x00000000000011c0      0x710 Drivers/STM32F0xx_HAL_Driver/Src/stm32f0xx_hal_spi.o
 .debug_frame   0x00000000000018d0      0x7f0 Drivers/STM32F0xx_HAL_Driver/Src/stm32f0xx_hal_uart.o
 .debug_frame   0x00000000000020c0       0x20 /Applications/STM32CubeIDE.app/Contents/Eclipse/plugins/com.st.stm32cube.ide.mcu.externaltools.gnu-tools-for-stm32.7-2018-q2-update.macos64_1.0.0.201904181610/tools/bin/../lib/gcc/arm-none-eabi/7.3.1/../../../../arm-none-eabi/lib/thumb/v6-m/libc_nano.a(lib_a-errno.o)
 .debug_frame   0x00000000000020e0       0x2c /Applications/STM32CubeIDE.app/Contents/Eclipse/plugins/com.st.stm32cube.ide.mcu.externaltools.gnu-tools-for-stm32.7-2018-q2-update.macos64_1.0.0.201904181610/tools/bin/../lib/gcc/arm-none-eabi/7.3.1/../../../../arm-none-eabi/lib/thumb/v6-m/libc_nano.a(lib_a-init.o)
 .debug_frame   0x000000000000210c       0x40 /Applications/STM32CubeIDE.app/Contents/Eclipse/plugins/com.st.stm32cube.ide.mcu.externaltools.gnu-tools-for-stm32.7-2018-q2-update.macos64_1.0.0.201904181610/tools/bin/../lib/gcc/arm-none-eabi/7.3.1/../../../../arm-none-eabi/lib/thumb/v6-m/libc_nano.a(lib_a-malloc.o)
 .debug_frame   0x000000000000214c       0x20 /Applications/STM32CubeIDE.app/Contents/Eclipse/plugins/com.st.stm32cube.ide.mcu.externaltools.gnu-tools-for-stm32.7-2018-q2-update.macos64_1.0.0.201904181610/tools/bin/../lib/gcc/arm-none-eabi/7.3.1/../../../../arm-none-eabi/lib/thumb/v6-m/libc_nano.a(lib_a-memset.o)
 .debug_frame   0x000000000000216c       0x2c /Applications/STM32CubeIDE.app/Contents/Eclipse/plugins/com.st.stm32cube.ide.mcu.externaltools.gnu-tools-for-stm32.7-2018-q2-update.macos64_1.0.0.201904181610/tools/bin/../lib/gcc/arm-none-eabi/7.3.1/../../../../arm-none-eabi/lib/thumb/v6-m/libc_nano.a(lib_a-nano-freer.o)
 .debug_frame   0x0000000000002198       0x2c /Applications/STM32CubeIDE.app/Contents/Eclipse/plugins/com.st.stm32cube.ide.mcu.externaltools.gnu-tools-for-stm32.7-2018-q2-update.macos64_1.0.0.201904181610/tools/bin/../lib/gcc/arm-none-eabi/7.3.1/../../../../arm-none-eabi/lib/thumb/v6-m/libc_nano.a(lib_a-nano-mallocr.o)
 .debug_frame   0x00000000000021c4       0x44 /Applications/STM32CubeIDE.app/Contents/Eclipse/plugins/com.st.stm32cube.ide.mcu.externaltools.gnu-tools-for-stm32.7-2018-q2-update.macos64_1.0.0.201904181610/tools/bin/../lib/gcc/arm-none-eabi/7.3.1/../../../../arm-none-eabi/lib/thumb/v6-m/libc_nano.a(lib_a-puts.o)
 .debug_frame   0x0000000000002208       0x2c /Applications/STM32CubeIDE.app/Contents/Eclipse/plugins/com.st.stm32cube.ide.mcu.externaltools.gnu-tools-for-stm32.7-2018-q2-update.macos64_1.0.0.201904181610/tools/bin/../lib/gcc/arm-none-eabi/7.3.1/../../../../arm-none-eabi/lib/thumb/v6-m/libc_nano.a(lib_a-sbrkr.o)
 .debug_frame   0x0000000000002234       0x48 /Applications/STM32CubeIDE.app/Contents/Eclipse/plugins/com.st.stm32cube.ide.mcu.externaltools.gnu-tools-for-stm32.7-2018-q2-update.macos64_1.0.0.201904181610/tools/bin/../lib/gcc/arm-none-eabi/7.3.1/../../../../arm-none-eabi/lib/thumb/v6-m/libc_nano.a(lib_a-wbuf.o)
 .debug_frame   0x000000000000227c       0x2c /Applications/STM32CubeIDE.app/Contents/Eclipse/plugins/com.st.stm32cube.ide.mcu.externaltools.gnu-tools-for-stm32.7-2018-q2-update.macos64_1.0.0.201904181610/tools/bin/../lib/gcc/arm-none-eabi/7.3.1/../../../../arm-none-eabi/lib/thumb/v6-m/libc_nano.a(lib_a-wsetup.o)
 .debug_frame   0x00000000000022a8       0x68 /Applications/STM32CubeIDE.app/Contents/Eclipse/plugins/com.st.stm32cube.ide.mcu.externaltools.gnu-tools-for-stm32.7-2018-q2-update.macos64_1.0.0.201904181610/tools/bin/../lib/gcc/arm-none-eabi/7.3.1/../../../../arm-none-eabi/lib/thumb/v6-m/libc_nano.a(lib_a-fflush.o)
 .debug_frame   0x0000000000002310      0x140 /Applications/STM32CubeIDE.app/Contents/Eclipse/plugins/com.st.stm32cube.ide.mcu.externaltools.gnu-tools-for-stm32.7-2018-q2-update.macos64_1.0.0.201904181610/tools/bin/../lib/gcc/arm-none-eabi/7.3.1/../../../../arm-none-eabi/lib/thumb/v6-m/libc_nano.a(lib_a-findfp.o)
 .debug_frame   0x0000000000002450       0x58 /Applications/STM32CubeIDE.app/Contents/Eclipse/plugins/com.st.stm32cube.ide.mcu.externaltools.gnu-tools-for-stm32.7-2018-q2-update.macos64_1.0.0.201904181610/tools/bin/../lib/gcc/arm-none-eabi/7.3.1/../../../../arm-none-eabi/lib/thumb/v6-m/libc_nano.a(lib_a-fwalk.o)
 .debug_frame   0x00000000000024a8       0x54 /Applications/STM32CubeIDE.app/Contents/Eclipse/plugins/com.st.stm32cube.ide.mcu.externaltools.gnu-tools-for-stm32.7-2018-q2-update.macos64_1.0.0.201904181610/tools/bin/../lib/gcc/arm-none-eabi/7.3.1/../../../../arm-none-eabi/lib/thumb/v6-m/libc_nano.a(lib_a-makebuf.o)
 .debug_frame   0x00000000000024fc       0x30 /Applications/STM32CubeIDE.app/Contents/Eclipse/plugins/com.st.stm32cube.ide.mcu.externaltools.gnu-tools-for-stm32.7-2018-q2-update.macos64_1.0.0.201904181610/tools/bin/../lib/gcc/arm-none-eabi/7.3.1/../../../../arm-none-eabi/lib/thumb/v6-m/libc_nano.a(lib_a-mlock.o)
 .debug_frame   0x000000000000252c       0x48 /Applications/STM32CubeIDE.app/Contents/Eclipse/plugins/com.st.stm32cube.ide.mcu.externaltools.gnu-tools-for-stm32.7-2018-q2-update.macos64_1.0.0.201904181610/tools/bin/../lib/gcc/arm-none-eabi/7.3.1/../../../../arm-none-eabi/lib/thumb/v6-m/libc_nano.a(lib_a-reent.o)
 .debug_frame   0x0000000000002574       0x90 /Applications/STM32CubeIDE.app/Contents/Eclipse/plugins/com.st.stm32cube.ide.mcu.externaltools.gnu-tools-for-stm32.7-2018-q2-update.macos64_1.0.0.201904181610/tools/bin/../lib/gcc/arm-none-eabi/7.3.1/../../../../arm-none-eabi/lib/thumb/v6-m/libc_nano.a(lib_a-stdio.o)
 .debug_frame   0x0000000000002604       0x2c /Applications/STM32CubeIDE.app/Contents/Eclipse/plugins/com.st.stm32cube.ide.mcu.externaltools.gnu-tools-for-stm32.7-2018-q2-update.macos64_1.0.0.201904181610/tools/bin/../lib/gcc/arm-none-eabi/7.3.1/../../../../arm-none-eabi/lib/thumb/v6-m/libc_nano.a(lib_a-writer.o)
 .debug_frame   0x0000000000002630       0x2c /Applications/STM32CubeIDE.app/Contents/Eclipse/plugins/com.st.stm32cube.ide.mcu.externaltools.gnu-tools-for-stm32.7-2018-q2-update.macos64_1.0.0.201904181610/tools/bin/../lib/gcc/arm-none-eabi/7.3.1/../../../../arm-none-eabi/lib/thumb/v6-m/libc_nano.a(lib_a-closer.o)
 .debug_frame   0x000000000000265c       0x2c /Applications/STM32CubeIDE.app/Contents/Eclipse/plugins/com.st.stm32cube.ide.mcu.externaltools.gnu-tools-for-stm32.7-2018-q2-update.macos64_1.0.0.201904181610/tools/bin/../lib/gcc/arm-none-eabi/7.3.1/../../../../arm-none-eabi/lib/thumb/v6-m/libc_nano.a(lib_a-fstatr.o)
 .debug_frame   0x0000000000002688       0x2c /Applications/STM32CubeIDE.app/Contents/Eclipse/plugins/com.st.stm32cube.ide.mcu.externaltools.gnu-tools-for-stm32.7-2018-q2-update.macos64_1.0.0.201904181610/tools/bin/../lib/gcc/arm-none-eabi/7.3.1/../../../../arm-none-eabi/lib/thumb/v6-m/libc_nano.a(lib_a-isattyr.o)
 .debug_frame   0x00000000000026b4       0x2c /Applications/STM32CubeIDE.app/Contents/Eclipse/plugins/com.st.stm32cube.ide.mcu.externaltools.gnu-tools-for-stm32.7-2018-q2-update.macos64_1.0.0.201904181610/tools/bin/../lib/gcc/arm-none-eabi/7.3.1/../../../../arm-none-eabi/lib/thumb/v6-m/libc_nano.a(lib_a-lseekr.o)
 .debug_frame   0x00000000000026e0       0x2c /Applications/STM32CubeIDE.app/Contents/Eclipse/plugins/com.st.stm32cube.ide.mcu.externaltools.gnu-tools-for-stm32.7-2018-q2-update.macos64_1.0.0.201904181610/tools/bin/../lib/gcc/arm-none-eabi/7.3.1/../../../../arm-none-eabi/lib/thumb/v6-m/libc_nano.a(lib_a-readr.o)
 .debug_frame   0x000000000000270c       0x20 /Applications/STM32CubeIDE.app/Contents/Eclipse/plugins/com.st.stm32cube.ide.mcu.externaltools.gnu-tools-for-stm32.7-2018-q2-update.macos64_1.0.0.201904181610/tools/bin/../lib/gcc/arm-none-eabi/7.3.1/thumb/v6-m/libgcc.a(_udivsi3.o)
